Archive member included to satisfy reference by file (symbol)

/usr/lib/gcc/arm-none-eabi/14.1.0/thumb/v6-m/nofp/libgcc.a(_dvmd_tls.o)
                              CMakeFiles/iggx_pio.dir/home/chris/Code/pico-sdk/src/rp2_common/pico_divider/divider_hardware.S.obj (__aeabi_idiv0)
/usr/lib/gcc/arm-none-eabi/14.1.0/../../../../arm-none-eabi/lib/thumb/v6-m/nofp/libg.a(libc_a-atexit.o)
                              /usr/lib/gcc/arm-none-eabi/14.1.0/../../../../arm-none-eabi/lib/thumb/v6-m/nofp/crt0.o (atexit)
/usr/lib/gcc/arm-none-eabi/14.1.0/../../../../arm-none-eabi/lib/thumb/v6-m/nofp/libg.a(libc_a-calloc.o)
                              CMakeFiles/iggx_pio.dir/home/chris/Code/pico-sdk/src/rp2_common/pico_malloc/malloc.c.obj (calloc)
/usr/lib/gcc/arm-none-eabi/14.1.0/../../../../arm-none-eabi/lib/thumb/v6-m/nofp/libg.a(libc_a-callocr.o)
                              /usr/lib/gcc/arm-none-eabi/14.1.0/../../../../arm-none-eabi/lib/thumb/v6-m/nofp/libg.a(libc_a-calloc.o) (_calloc_r)
/usr/lib/gcc/arm-none-eabi/14.1.0/../../../../arm-none-eabi/lib/thumb/v6-m/nofp/libg.a(libc_a-malloc.o)
                              CMakeFiles/iggx_pio.dir/home/chris/Code/pico-sdk/src/rp2_common/pico_malloc/malloc.c.obj (malloc)
/usr/lib/gcc/arm-none-eabi/14.1.0/../../../../arm-none-eabi/lib/thumb/v6-m/nofp/libg.a(libc_a-mallocr.o)
                              /usr/lib/gcc/arm-none-eabi/14.1.0/../../../../arm-none-eabi/lib/thumb/v6-m/nofp/libg.a(libc_a-callocr.o) (_malloc_r)
/usr/lib/gcc/arm-none-eabi/14.1.0/../../../../arm-none-eabi/lib/thumb/v6-m/nofp/libg.a(libc_a-mlock.o)
                              /usr/lib/gcc/arm-none-eabi/14.1.0/../../../../arm-none-eabi/lib/thumb/v6-m/nofp/libg.a(libc_a-mallocr.o) (__malloc_lock)
/usr/lib/gcc/arm-none-eabi/14.1.0/../../../../arm-none-eabi/lib/thumb/v6-m/nofp/libg.a(libc_a-realloc.o)
                              CMakeFiles/iggx_pio.dir/home/chris/Code/pico-sdk/src/rp2_common/pico_malloc/malloc.c.obj (realloc)
/usr/lib/gcc/arm-none-eabi/14.1.0/../../../../arm-none-eabi/lib/thumb/v6-m/nofp/libg.a(libc_a-reallocr.o)
                              /usr/lib/gcc/arm-none-eabi/14.1.0/../../../../arm-none-eabi/lib/thumb/v6-m/nofp/libg.a(libc_a-realloc.o) (_realloc_r)
/usr/lib/gcc/arm-none-eabi/14.1.0/../../../../arm-none-eabi/lib/thumb/v6-m/nofp/libg.a(libc_a-memcmp.o)
                              CMakeFiles/iggx_pio.dir/home/chris/Code/pico-sdk/src/rp2_common/pico_atomic/atomic.c.obj (memcmp)
/usr/lib/gcc/arm-none-eabi/14.1.0/../../../../arm-none-eabi/lib/thumb/v6-m/nofp/libg.a(libc_a-memmove.o)
                              /usr/lib/gcc/arm-none-eabi/14.1.0/../../../../arm-none-eabi/lib/thumb/v6-m/nofp/libg.a(libc_a-reallocr.o) (memmove)
/usr/lib/gcc/arm-none-eabi/14.1.0/../../../../arm-none-eabi/lib/thumb/v6-m/nofp/libg.a(libc_a-lcltime_r.o)
                              CMakeFiles/iggx_pio.dir/home/chris/Code/pico-sdk/src/common/pico_util/datetime.c.obj (localtime_r)
/usr/lib/gcc/arm-none-eabi/14.1.0/../../../../arm-none-eabi/lib/thumb/v6-m/nofp/libg.a(libc_a-mktime.o)
                              CMakeFiles/iggx_pio.dir/home/chris/Code/pico-sdk/src/common/pico_util/datetime.c.obj (mktime)
/usr/lib/gcc/arm-none-eabi/14.1.0/../../../../arm-none-eabi/lib/thumb/v6-m/nofp/libg.a(libc_a-month_lengths.o)
                              /usr/lib/gcc/arm-none-eabi/14.1.0/../../../../arm-none-eabi/lib/thumb/v6-m/nofp/libg.a(libc_a-lcltime_r.o) (__month_lengths)
/usr/lib/gcc/arm-none-eabi/14.1.0/../../../../arm-none-eabi/lib/thumb/v6-m/nofp/libg.a(libc_a-tzcalc_limits.o)
                              /usr/lib/gcc/arm-none-eabi/14.1.0/../../../../arm-none-eabi/lib/thumb/v6-m/nofp/libg.a(libc_a-lcltime_r.o) (__tzcalc_limits)
/usr/lib/gcc/arm-none-eabi/14.1.0/../../../../arm-none-eabi/lib/thumb/v6-m/nofp/libg.a(libc_a-tzlock.o)
                              /usr/lib/gcc/arm-none-eabi/14.1.0/../../../../arm-none-eabi/lib/thumb/v6-m/nofp/libg.a(libc_a-lcltime_r.o) (__tz_lock)
/usr/lib/gcc/arm-none-eabi/14.1.0/../../../../arm-none-eabi/lib/thumb/v6-m/nofp/libg.a(libc_a-tzset.o)
                              /usr/lib/gcc/arm-none-eabi/14.1.0/../../../../arm-none-eabi/lib/thumb/v6-m/nofp/libg.a(libc_a-lcltime_r.o) (_tzset_unlocked)
/usr/lib/gcc/arm-none-eabi/14.1.0/../../../../arm-none-eabi/lib/thumb/v6-m/nofp/libg.a(libc_a-tzset_r.o)
                              /usr/lib/gcc/arm-none-eabi/14.1.0/../../../../arm-none-eabi/lib/thumb/v6-m/nofp/libg.a(libc_a-tzset.o) (_tzset_unlocked_r)
/usr/lib/gcc/arm-none-eabi/14.1.0/../../../../arm-none-eabi/lib/thumb/v6-m/nofp/libg.a(libc_a-tzvars.o)
                              /usr/lib/gcc/arm-none-eabi/14.1.0/../../../../arm-none-eabi/lib/thumb/v6-m/nofp/libg.a(libc_a-tzset_r.o) (_timezone)
/usr/lib/gcc/arm-none-eabi/14.1.0/../../../../arm-none-eabi/lib/thumb/v6-m/nofp/libg.a(libc_a-impure.o)
                              /usr/lib/gcc/arm-none-eabi/14.1.0/../../../../arm-none-eabi/lib/thumb/v6-m/nofp/libg.a(libc_a-calloc.o) (_impure_ptr)
[...]
Memory Configuration

Name             Origin             Length             Attributes
FLASH            0x10000000         0x00200000         xr
RAM              0x20000000         0x00040000         xrw
SCRATCH_X        0x20040000         0x00001000         xrw
SCRATCH_Y        0x20041000         0x00001000         xrw
*default*        0x00000000         0xffffffff

Linker script and memory map

LOAD /usr/lib/gcc/arm-none-eabi/14.1.0/thumb/v6-m/nofp/crti.o
LOAD /usr/lib/gcc/arm-none-eabi/14.1.0/thumb/v6-m/nofp/crtbegin.o
LOAD /usr/lib/gcc/arm-none-eabi/14.1.0/../../../../arm-none-eabi/lib/thumb/v6-m/nofp/crt0.o

.flash_begin    0x10000000        0x0
                0x10000000                        __flash_binary_start = .

.boot2          0x10000000      0x100
                0x10000000                        __boot2_start__ = .
 *(.boot2)
 .boot2         0x10000000      0x100 /tmp/ccIX64vT.o
                0x10000100                        __boot2_end__ = .
                0x00000001                        ASSERT (((__boot2_end__ - __boot2_start__) == 0x100), ERROR: Pico second stage bootloader must be 256 bytes in size)

.text           0x10000100     0x4ee4
                0x10000100                        __logical_binary_start = .
 *(.vectors)
 .vectors       0x10000100       0xd4 CMakeFiles/iggx_pio.dir/home/chris/Code/pico-sdk/src/rp2_common/pico_crt0/crt0.S.obj
                0x10000100                __vectors
                0x10000100                __VECTOR_TABLE
                0x100001c0                isr_invalid
                0x100001c0                __default_isrs_start
                0x100001c2                isr_nmi
                0x100001c4                isr_hardfault
                0x100001c6                isr_svcall
                0x100001c8                isr_pendsv
                0x100001ca                isr_systick
                0x100001cc                isr_irq30
                0x100001cc                __unhandled_user_irq
                0x100001cc                isr_irq13
                0x100001cc                isr_irq27
                0x100001cc                isr_irq31
                0x100001cc                isr_irq5
                0x100001cc                isr_irq11
                0x100001cc                isr_irq23
                0x100001cc                isr_irq18
                0x100001cc                isr_irq28
                0x100001cc                isr_irq19
                0x100001cc                isr_irq0
                0x100001cc                isr_irq6
                0x100001cc                isr_irq22
                0x100001cc                isr_irq17
                0x100001cc                isr_irq14
                0x100001cc                isr_irq2
                0x100001cc                isr_irq10
                0x100001cc                isr_irq8
                0x100001cc                isr_irq24
                0x100001cc                isr_irq1
                0x100001cc                isr_irq7
                0x100001cc                isr_irq21
                0x100001cc                isr_irq20
                0x100001cc                isr_irq15
                0x100001cc                isr_irq25
                0x100001cc                isr_irq4
                0x100001cc                isr_irq16
                0x100001cc                isr_irq29
                0x100001cc                isr_irq26
                0x100001cc                __default_isrs_end
                0x100001cc                isr_irq3
                0x100001cc                isr_irq12
                0x100001cc                isr_irq9
                0x100001d2                unhandled_user_irq_num_in_r0
 *(.binary_info_header)
 .binary_info_header
                0x100001d4       0x14 CMakeFiles/iggx_pio.dir/home/chris/Code/pico-sdk/src/rp2_common/pico_crt0/crt0.S.obj
                0x100001e8                        __binary_info_header_end = .
 *(.embedded_block)
                0x100001e8                        __embedded_block_end = .
 *(.reset)
 .reset         0x100001e8       0x9c CMakeFiles/iggx_pio.dir/home/chris/Code/pico-sdk/src/rp2_common/pico_crt0/crt0.S.obj
                0x100001e8                _entry_point
 *(.init)
 .init          0x10000284        0x4 /usr/lib/gcc/arm-none-eabi/14.1.0/thumb/v6-m/nofp/crti.o
                0x10000284                _init
 *(EXCLUDE_FILE(*libm.a: *libc.a:*lib_a-mem*.o *libgcc.a:) .text*)
 .text.frame_dummy
                0x10000288       0x20 /usr/lib/gcc/arm-none-eabi/14.1.0/thumb/v6-m/nofp/crtbegin.o
 .text.iggx_dma_isr
                0x100002a8       0x40 CMakeFiles/iggx_pio.dir/iggx.c.obj
                0x100002a8                iggx_dma_isr
 .text.adc_setup
                0x100002e8       0x58 CMakeFiles/iggx_pio.dir/iggx.c.obj
                0x100002e8                adc_setup
 .text.read_adc_buttons
                0x10000340      0x130 CMakeFiles/iggx_pio.dir/iggx.c.obj
                0x10000340                read_adc_buttons
 .text.startup.main
                0x10000470      0x6f4 CMakeFiles/iggx_pio.dir/iggx.c.obj
                0x10000470                main
 .text.gpio_set_function
                0x10000b64       0x34 CMakeFiles/iggx_pio.dir/home/chris/Code/pico-sdk/src/rp2_common/hardware_gpio/gpio.c.obj
                0x10000b64                gpio_set_function
 .text.gpio_set_pulls
                0x10000b98       0x28 CMakeFiles/iggx_pio.dir/home/chris/Code/pico-sdk/src/rp2_common/hardware_gpio/gpio.c.obj
                0x10000b98                gpio_set_pulls
 .text.gpio_set_input_enabled
                0x10000bc0       0x28 CMakeFiles/iggx_pio.dir/home/chris/Code/pico-sdk/src/rp2_common/hardware_gpio/gpio.c.obj
                0x10000bc0                gpio_set_input_enabled
 .text.gpio_init
                0x10000be8       0x40 CMakeFiles/iggx_pio.dir/home/chris/Code/pico-sdk/src/rp2_common/hardware_gpio/gpio.c.obj
                0x10000be8                gpio_init
 .text.panic    0x10000c28       0x30 CMakeFiles/iggx_pio.dir/home/chris/Code/pico-sdk/src/rp2_common/pico_platform_panic/panic.c.obj
                0x10000c28                panic
 .text.hw_claim_lock
                0x10000c58       0x18 CMakeFiles/iggx_pio.dir/home/chris/Code/pico-sdk/src/common/hardware_claim/claim.c.obj
                0x10000c58                hw_claim_lock
 .text.hw_claim_unlock
                0x10000c70       0x14 CMakeFiles/iggx_pio.dir/home/chris/Code/pico-sdk/src/common/hardware_claim/claim.c.obj
                0x10000c70                hw_claim_unlock
 .text.hw_claim_or_assert
                0x10000c84       0x44 CMakeFiles/iggx_pio.dir/home/chris/Code/pico-sdk/src/common/hardware_claim/claim.c.obj
                0x10000c84                hw_claim_or_assert
 .text.hw_claim_unused_from_range
                0x10000cc8       0x88 CMakeFiles/iggx_pio.dir/home/chris/Code/pico-sdk/src/common/hardware_claim/claim.c.obj
                0x10000cc8                hw_claim_unused_from_range
 .text.next_striped_spin_lock_num
                0x10000d50       0x18 CMakeFiles/iggx_pio.dir/home/chris/Code/pico-sdk/src/rp2_common/hardware_sync/sync.c.obj
                0x10000d50                next_striped_spin_lock_num
 .text.spin_locks_reset
                0x10000d68       0x1c CMakeFiles/iggx_pio.dir/home/chris/Code/pico-sdk/src/rp2_common/hardware_sync_spin_lock/sync_spin_lock.c.obj
                0x10000d68                spin_locks_reset
 .text.runtime_init_per_core_irq_priorities
                0x10000d84       0x24 CMakeFiles/iggx_pio.dir/home/chris/Code/pico-sdk/src/rp2_common/hardware_irq/irq.c.obj
                0x10000d84                runtime_init_per_core_irq_priorities
 .text.irq_set_enabled
                0x10000da8       0x24 CMakeFiles/iggx_pio.dir/home/chris/Code/pico-sdk/src/rp2_common/hardware_irq/irq.c.obj
                0x10000da8                irq_set_enabled
 .text.irq_set_exclusive_handler
                0x10000dcc       0x54 CMakeFiles/iggx_pio.dir/home/chris/Code/pico-sdk/src/rp2_common/hardware_irq/irq.c.obj
                0x10000dcc                irq_set_exclusive_handler
 .text.lock_init
                0x10000e20       0x10 CMakeFiles/iggx_pio.dir/home/chris/Code/pico-sdk/src/common/pico_sync/lock_core.c.obj
                0x10000e20                lock_init
 .text.runtime_init_mutex
                0x10000e30       0x50 CMakeFiles/iggx_pio.dir/home/chris/Code/pico-sdk/src/common/pico_sync/mutex.c.obj
                0x10000e30                runtime_init_mutex
 .text.sleep_until_callback
                0x10000e80       0x30 CMakeFiles/iggx_pio.dir/home/chris/Code/pico-sdk/src/common/pico_time/time.c.obj
 .text.alarm_pool_irq_handler
                0x10000eb0      0x300 CMakeFiles/iggx_pio.dir/home/chris/Code/pico-sdk/src/common/pico_time/time.c.obj
 .text.runtime_init_default_alarm_pool
                0x100011b0       0xdc CMakeFiles/iggx_pio.dir/home/chris/Code/pico-sdk/src/common/pico_time/time.c.obj
                0x100011b0                runtime_init_default_alarm_pool
 .text.alarm_pool_add_alarm_at_force_in_context
                0x1000128c       0xb0 CMakeFiles/iggx_pio.dir/home/chris/Code/pico-sdk/src/common/pico_time/time.c.obj
                0x1000128c                alarm_pool_add_alarm_at_force_in_context
 .text.alarm_pool_cancel_alarm
                0x1000133c       0x74 CMakeFiles/iggx_pio.dir/home/chris/Code/pico-sdk/src/common/pico_time/time.c.obj
                0x1000133c                alarm_pool_cancel_alarm
 .text.sleep_ms
                0x100013b0       0xfc CMakeFiles/iggx_pio.dir/home/chris/Code/pico-sdk/src/common/pico_time/time.c.obj
                0x100013b0                sleep_ms
 .text.best_effort_wfe_or_timeout
                0x100014ac      0x134 CMakeFiles/iggx_pio.dir/home/chris/Code/pico-sdk/src/common/pico_time/time.c.obj
                0x100014ac                best_effort_wfe_or_timeout
 .text.timer_hardware_alarm_claim
                0x100015e0       0x14 CMakeFiles/iggx_pio.dir/home/chris/Code/pico-sdk/src/rp2_common/hardware_timer/timer.c.obj
                0x100015e0                timer_hardware_alarm_claim
 .text.timer_time_us_64
                0x100015f4       0x10 CMakeFiles/iggx_pio.dir/home/chris/Code/pico-sdk/src/rp2_common/hardware_timer/timer.c.obj
                0x100015f4                timer_time_us_64
 .text.time_us_64
                0x10001604       0x14 CMakeFiles/iggx_pio.dir/home/chris/Code/pico-sdk/src/rp2_common/hardware_timer/timer.c.obj
                0x10001604                time_us_64
 .text.busy_wait_until
                0x10001618       0x20 CMakeFiles/iggx_pio.dir/home/chris/Code/pico-sdk/src/rp2_common/hardware_timer/timer.c.obj
                0x10001618                busy_wait_until
 .text.clock_configure_int_divider
                0x10001638       0xf4 CMakeFiles/iggx_pio.dir/home/chris/Code/pico-sdk/src/rp2_common/hardware_clocks/clocks.c.obj
                0x10001638                clock_configure_int_divider
 .text.clock_configure_undivided
                0x1000172c       0xe8 CMakeFiles/iggx_pio.dir/home/chris/Code/pico-sdk/src/rp2_common/hardware_clocks/clocks.c.obj
                0x1000172c                clock_configure_undivided
 .text.clock_get_hz
                0x10001814        0xc CMakeFiles/iggx_pio.dir/home/chris/Code/pico-sdk/src/rp2_common/hardware_clocks/clocks.c.obj
                0x10001814                clock_get_hz
 .text.set_sys_clock_pll
                0x10001820      0x1b8 CMakeFiles/iggx_pio.dir/home/chris/Code/pico-sdk/src/rp2_common/hardware_clocks/clocks.c.obj
                0x10001820                set_sys_clock_pll
 .text.check_sys_clock_khz
                0x100019d8      0x26c CMakeFiles/iggx_pio.dir/home/chris/Code/pico-sdk/src/rp2_common/hardware_clocks/clocks.c.obj
                0x100019d8                check_sys_clock_khz
 .text.pll_init
                0x10001c44       0xa4 CMakeFiles/iggx_pio.dir/home/chris/Code/pico-sdk/src/rp2_common/hardware_pll/pll.c.obj
                0x10001c44                pll_init
 .text.tick_start
                0x10001ce8       0x10 CMakeFiles/iggx_pio.dir/home/chris/Code/pico-sdk/src/rp2_common/hardware_ticks/ticks.c.obj
                0x10001ce8                tick_start
 .text.xosc_init
                0x10001cf8       0x28 CMakeFiles/iggx_pio.dir/home/chris/Code/pico-sdk/src/rp2_common/hardware_xosc/xosc.c.obj
                0x10001cf8                xosc_init
 .text.first_per_core_initializer
                0x10001d20        0x4 CMakeFiles/iggx_pio.dir/home/chris/Code/pico-sdk/src/rp2_common/pico_runtime/runtime.c.obj
 .text.hard_assertion_failure
                0x10001d24        0xc CMakeFiles/iggx_pio.dir/home/chris/Code/pico-sdk/src/rp2_common/pico_runtime/runtime.c.obj
                0x10001d24                hard_assertion_failure
 .text.runtime_run_initializers
                0x10001d30       0x28 CMakeFiles/iggx_pio.dir/home/chris/Code/pico-sdk/src/rp2_common/pico_runtime/runtime.c.obj
                0x10001d30                runtime_run_initializers
 .text.runtime_init_early_resets
                0x10001d58       0x2c CMakeFiles/iggx_pio.dir/home/chris/Code/pico-sdk/src/rp2_common/pico_runtime_init/runtime_init.c.obj
                0x10001d58                runtime_init_early_resets
 .text.runtime_init_usb_power_down
                0x10001d84       0x1c CMakeFiles/iggx_pio.dir/home/chris/Code/pico-sdk/src/rp2_common/pico_runtime_init/runtime_init.c.obj
                0x10001d84                runtime_init_usb_power_down
 .text.runtime_init_post_clock_resets
                0x10001da0       0x20 CMakeFiles/iggx_pio.dir/home/chris/Code/pico-sdk/src/rp2_common/pico_runtime_init/runtime_init.c.obj
                0x10001da0                runtime_init_post_clock_resets
 .text.runtime_init_rp2040_gpio_ie_disable
                0x10001dc0       0x14 CMakeFiles/iggx_pio.dir/home/chris/Code/pico-sdk/src/rp2_common/pico_runtime_init/runtime_init.c.obj
                0x10001dc0                runtime_init_rp2040_gpio_ie_disable
 .text.runtime_init_spin_locks_reset
                0x10001dd4        0x8 CMakeFiles/iggx_pio.dir/home/chris/Code/pico-sdk/src/rp2_common/pico_runtime_init/runtime_init.c.obj
                0x10001dd4                runtime_init_spin_locks_reset
 .text.runtime_init_install_ram_vector_table
                0x10001ddc       0x1c CMakeFiles/iggx_pio.dir/home/chris/Code/pico-sdk/src/rp2_common/pico_runtime_init/runtime_init.c.obj
                0x10001ddc                runtime_init_install_ram_vector_table
 .text.runtime_init_clocks
                0x10001df8       0xd8 CMakeFiles/iggx_pio.dir/home/chris/Code/pico-sdk/src/rp2_common/pico_runtime_init/runtime_init_clocks.c.obj
                0x10001df8                runtime_init_clocks
 .text          0x10001ed0       0x10 CMakeFiles/iggx_pio.dir/home/chris/Code/pico-sdk/src/rp2_common/pico_bit_ops/bit_ops_aeabi.S.obj
 .text.rom_func_lookup
                0x10001ee0       0x10 CMakeFiles/iggx_pio.dir/home/chris/Code/pico-sdk/src/rp2_common/pico_bootrom/bootrom.c.obj
                0x10001ee0                rom_func_lookup
 .text.rom_data_lookup
                0x10001ef0       0x10 CMakeFiles/iggx_pio.dir/home/chris/Code/pico-sdk/src/rp2_common/pico_bootrom/bootrom.c.obj
                0x10001ef0                rom_data_lookup
 .text.rom_funcs_lookup
                0x10001f00       0x44 CMakeFiles/iggx_pio.dir/home/chris/Code/pico-sdk/src/rp2_common/pico_bootrom/bootrom.c.obj
                0x10001f00                rom_funcs_lookup
 .text.__wrap___aeabi_idiv
                0x10001f44       0x50 CMakeFiles/iggx_pio.dir/home/chris/Code/pico-sdk/src/rp2_common/pico_divider/divider_hardware.S.obj
                0x10001f44                __wrap___aeabi_idivmod
                0x10001f44                divmod_s32s32
                0x10001f44                div_s32s32
                0x10001f44                __wrap___aeabi_idiv
                0x10001f4c                divmod_s32s32_unsafe
                0x10001f78                divmod_s32s32_savestate
 .text.__wrap___aeabi_uidiv
                0x10001f94       0x4c CMakeFiles/iggx_pio.dir/home/chris/Code/pico-sdk/src/rp2_common/pico_divider/divider_hardware.S.obj
                0x10001f94                __wrap___aeabi_uidiv
                0x10001f94                __wrap___aeabi_uidivmod
                0x10001f94                div_u32u32
                0x10001f94                divmod_u32u32
                0x10001f9c                divmod_u32u32_unsafe
                0x10001fc4                divmod_u32u32_savestate
 .text.__wrap___aeabi_ldiv
                0x10001fe0      0x424 CMakeFiles/iggx_pio.dir/home/chris/Code/pico-sdk/src/rp2_common/pico_divider/divider_hardware.S.obj
                0x10001fe0                div_s64s64
                0x10001fe0                divmod_s64s64
                0x10001fe0                __wrap___aeabi_ldivmod
                0x10002010                div_u64u64
                0x10002010                divmod_u64u64
                0x10002010                __wrap___aeabi_uldivmod
                0x10002020                divmod_u64u64_savestate
                0x10002040                divmod_s64s64_unsafe
                0x100020c8                divmod_u64u64_unsafe
 .text.__wrap___aeabi_darithmetic
                0x10002404       0x80 CMakeFiles/iggx_pio.dir/home/chris/Code/pico-sdk/src/rp2_common/pico_double/double_aeabi_rp2040.S.obj
                0x10002404                __wrap___aeabi_drsub
                0x1000240a                __wrap___aeabi_dsub
                0x1000241c                __wrap___aeabi_dadd
                0x1000242e                __wrap___aeabi_ddiv
                0x1000246a                __wrap___aeabi_dmul
 .text.__wrap___aeabi_cdcmple
                0x10002484       0x6c CMakeFiles/iggx_pio.dir/home/chris/Code/pico-sdk/src/rp2_common/pico_double/double_aeabi_rp2040.S.obj
                0x10002484                __wrap___aeabi_cdrcmple
                0x10002494                __wrap___aeabi_cdcmple
                0x10002494                __wrap___aeabi_cdcmpeq
 .text.__wrap___aeabi_dcmplt
                0x100024f0        0xc CMakeFiles/iggx_pio.dir/home/chris/Code/pico-sdk/src/rp2_common/pico_double/double_aeabi_rp2040.S.obj
                0x100024f0                __wrap___aeabi_dcmplt
 .text.__wrap___aeabi_dcmple
                0x100024fc       0x10 CMakeFiles/iggx_pio.dir/home/chris/Code/pico-sdk/src/rp2_common/pico_double/double_aeabi_rp2040.S.obj
                0x100024fc                __wrap___aeabi_dcmple
 .text.__wrap___aeabi_dcmpge
                0x1000250c       0x10 CMakeFiles/iggx_pio.dir/home/chris/Code/pico-sdk/src/rp2_common/pico_double/double_aeabi_rp2040.S.obj
                0x1000250c                __wrap___aeabi_dcmpge
 .text.__wrap___aeabi_dcmpgt
                0x1000251c        0xa CMakeFiles/iggx_pio.dir/home/chris/Code/pico-sdk/src/rp2_common/pico_double/double_aeabi_rp2040.S.obj
                0x1000251c                __wrap___aeabi_dcmpgt
 .text.__wrap___aeabi_dcmpun
                0x10002526       0x18 CMakeFiles/iggx_pio.dir/home/chris/Code/pico-sdk/src/rp2_common/pico_double/double_aeabi_rp2040.S.obj
                0x10002526                __wrap___aeabi_dcmpun
 *fill*         0x1000253e        0x2 
 .text.__wrap___aeabi_i2d
                0x10002540       0x38 CMakeFiles/iggx_pio.dir/home/chris/Code/pico-sdk/src/rp2_common/pico_double/double_aeabi_rp2040.S.obj
                0x10002540                __wrap___aeabi_ui2d
                0x10002548                __wrap___aeabi_i2d
 .text.__wrap___aeabi_d2iz
                0x10002578       0x48 CMakeFiles/iggx_pio.dir/home/chris/Code/pico-sdk/src/rp2_common/pico_double/double_aeabi_rp2040.S.obj
                0x10002578                __wrap___aeabi_d2iz
                0x10002578                double2int_z
 .text.__wrap___aeabi_d2uiz
                0x100025c0       0x18 CMakeFiles/iggx_pio.dir/home/chris/Code/pico-sdk/src/rp2_common/pico_double/double_aeabi_rp2040.S.obj
                0x100025c0                double2uint
                0x100025c0                __wrap___aeabi_d2uiz
 .text.__wrap___aeabi_d2f
                0x100025d8       0x18 CMakeFiles/iggx_pio.dir/home/chris/Code/pico-sdk/src/rp2_common/pico_double/double_aeabi_rp2040.S.obj
                0x100025d8                __wrap___aeabi_d2f
 .text.__aeabi_double_init
                0x100025f0       0xa4 CMakeFiles/iggx_pio.dir/home/chris/Code/pico-sdk/src/rp2_common/pico_double/double_init_rom_rp2040.c.obj
                0x100025f0                __aeabi_double_init
 .text.double_table_shim_on_use_helper
                0x10002694       0x2c CMakeFiles/iggx_pio.dir/home/chris/Code/pico-sdk/src/rp2_common/pico_double/double_v1_rom_shim_rp2040.S.obj
                0x10002694                double_table_shim_on_use_helper
 .text.__wrap___aeabi_dsub
                0x100026c0       0x10 CMakeFiles/iggx_pio.dir/home/chris/Code/pico-sdk/src/rp2_common/pico_double/double_v1_rom_shim_rp2040.S.obj
                0x100026c0                drsub_shim
                0x100026c6                dsub_shim
 .text.dadd_shim
                0x100026d0      0x15c CMakeFiles/iggx_pio.dir/home/chris/Code/pico-sdk/src/rp2_common/pico_double/double_v1_rom_shim_rp2040.S.obj
                0x100026d0                dadd_shim
 .text.dmul_shim
                0x1000282c      0x15c CMakeFiles/iggx_pio.dir/home/chris/Code/pico-sdk/src/rp2_common/pico_double/double_v1_rom_shim_rp2040.S.obj
                0x1000282c                dmul_shim
 .text.ddiv_shim
                0x10002988      0x1b0 CMakeFiles/iggx_pio.dir/home/chris/Code/pico-sdk/src/rp2_common/pico_double/double_v1_rom_shim_rp2040.S.obj
                0x10002988                ddiv_shim
 .text.double2uint_shim
                0x10002b38        0xe CMakeFiles/iggx_pio.dir/home/chris/Code/pico-sdk/src/rp2_common/pico_double/double_v1_rom_shim_rp2040.S.obj
                0x10002b38                double2uint_shim
                0x10002b3a                double2ufix_shim
 *fill*         0x10002b46        0x2 
 .text.double2uint64_shim
                0x10002b48       0x70 CMakeFiles/iggx_pio.dir/home/chris/Code/pico-sdk/src/rp2_common/pico_double/double_v1_rom_shim_rp2040.S.obj
                0x10002b48                double2uint64_shim
                0x10002b4a                double2ufix64_shim
                0x10002b6a                d2fix_a
 .text.double2float_shim
                0x10002bb8       0x5c CMakeFiles/iggx_pio.dir/home/chris/Code/pico-sdk/src/rp2_common/pico_double/double_v1_rom_shim_rp2040.S.obj
                0x10002bb8                double2float_shim
 .text.dunpacks
                0x10002c14       0x3c CMakeFiles/iggx_pio.dir/home/chris/Code/pico-sdk/src/rp2_common/pico_double/double_v1_rom_shim_rp2040.S.obj
                0x10002c14                dunpacks
 .text.__aeabi_lmul
                0x10002c50       0x32 CMakeFiles/iggx_pio.dir/home/chris/Code/pico-sdk/src/rp2_common/pico_int64_ops/pico_int64_ops_aeabi.S.obj
                0x10002c50                __wrap___aeabi_lmul
 *fill*         0x10002c82        0x2 
 .text.__wrap___aeabi_farithmetic
                0x10002c84       0x48 CMakeFiles/iggx_pio.dir/home/chris/Code/pico-sdk/src/rp2_common/pico_float/float_aeabi_rp2040.S.obj
                0x10002c84                __wrap___aeabi_frsub
                0x10002c8a                __wrap___aeabi_fsub
                0x10002c90                __wrap___aeabi_fadd
                0x10002c96                __wrap___aeabi_fdiv
                0x10002cbe                __wrap___aeabi_fmul
 .text.__wrap___aeabi_ui2f
                0x10002ccc        0xa CMakeFiles/iggx_pio.dir/home/chris/Code/pico-sdk/src/rp2_common/pico_float/float_aeabi_rp2040.S.obj
                0x10002ccc                uint2float
                0x10002ccc                __wrap___aeabi_ui2f
 *fill*         0x10002cd6        0x2 
 .text.__wrap___aeabi_i2f
                0x10002cd8       0x44 CMakeFiles/iggx_pio.dir/home/chris/Code/pico-sdk/src/rp2_common/pico_float/float_aeabi_rp2040.S.obj
                0x10002cd8                int2float
                0x10002cd8                __wrap___aeabi_i2f
 .text.__wrap___aeabi_f2uiz
                0x10002d1c        0xc CMakeFiles/iggx_pio.dir/home/chris/Code/pico-sdk/src/rp2_common/pico_float/float_aeabi_rp2040.S.obj
                0x10002d1c                float2uint_z
                0x10002d1c                __wrap___aeabi_f2uiz
 .text.__wrap___aeabi_f2d
                0x10002d28       0x14 CMakeFiles/iggx_pio.dir/home/chris/Code/pico-sdk/src/rp2_common/pico_float/float_aeabi_rp2040.S.obj
                0x10002d28                __wrap___aeabi_f2d
 .text.__aeabi_float_init
                0x10002d3c       0x64 CMakeFiles/iggx_pio.dir/home/chris/Code/pico-sdk/src/rp2_common/pico_float/float_init_rom_rp2040.c.obj
                0x10002d3c                __aeabi_float_init
 .text.float_table_shim_on_use_helper
                0x10002da0       0x2c CMakeFiles/iggx_pio.dir/home/chris/Code/pico-sdk/src/rp2_common/pico_float/float_v1_rom_shim_rp2040.S.obj
                0x10002da0                float_table_shim_on_use_helper
 .text.float2double_shim
                0x10002dcc       0x30 CMakeFiles/iggx_pio.dir/home/chris/Code/pico-sdk/src/rp2_common/pico_float/float_v1_rom_shim_rp2040.S.obj
                0x10002dcc                float2double_shim
 .text          0x10002dfc       0x10 CMakeFiles/iggx_pio.dir/home/chris/Code/pico-sdk/src/rp2_common/pico_mem_ops/mem_ops_aeabi.S.obj
                0x10002dfc                __aeabi_mem_init
 .text.memset   0x10002e0c        0xc CMakeFiles/iggx_pio.dir/home/chris/Code/pico-sdk/src/rp2_common/pico_mem_ops/mem_ops_aeabi.S.obj
                0x10002e0c                __wrap_memset
 .text.memcpy   0x10002e18        0xc CMakeFiles/iggx_pio.dir/home/chris/Code/pico-sdk/src/rp2_common/pico_mem_ops/mem_ops_aeabi.S.obj
                0x10002e18                __wrap___aeabi_memcpy
                0x10002e18                __wrap_memcpy
 .text._out_null
                0x10002e24        0x4 CMakeFiles/iggx_pio.dir/home/chris/Code/pico-sdk/src/rp2_common/pico_printf/printf.c.obj
 .text._out_rev
                0x10002e28       0xac CMakeFiles/iggx_pio.dir/home/chris/Code/pico-sdk/src/rp2_common/pico_printf/printf.c.obj
 .text._ntoa_format
                0x10002ed4      0x1cc CMakeFiles/iggx_pio.dir/home/chris/Code/pico-sdk/src/rp2_common/pico_printf/printf.c.obj
 .text._out_char
                0x100030a0       0x10 CMakeFiles/iggx_pio.dir/home/chris/Code/pico-sdk/src/rp2_common/pico_printf/printf.c.obj
 .text._out_fct
                0x100030b0       0x10 CMakeFiles/iggx_pio.dir/home/chris/Code/pico-sdk/src/rp2_common/pico_printf/printf.c.obj
 .text._ftoa    0x100030c0      0x4a8 CMakeFiles/iggx_pio.dir/home/chris/Code/pico-sdk/src/rp2_common/pico_printf/printf.c.obj
 .text._etoa    0x10003568      0x57c CMakeFiles/iggx_pio.dir/home/chris/Code/pico-sdk/src/rp2_common/pico_printf/printf.c.obj
 .text._vsnprintf
                0x10003ae4      0xbe0 CMakeFiles/iggx_pio.dir/home/chris/Code/pico-sdk/src/rp2_common/pico_printf/printf.c.obj
 .text.vfctprintf
                0x100046c4       0x24 CMakeFiles/iggx_pio.dir/home/chris/Code/pico-sdk/src/rp2_common/pico_printf/printf.c.obj
                0x100046c4                vfctprintf
 .text.weak_raw_vprintf
                0x100046e8       0x30 CMakeFiles/iggx_pio.dir/home/chris/Code/pico-sdk/src/rp2_common/pico_printf/printf.c.obj
                0x100046e8                weak_raw_vprintf
 .text._exit    0x10004718        0x4 CMakeFiles/iggx_pio.dir/home/chris/Code/pico-sdk/src/rp2_common/pico_clib_interface/newlib_interface.c.obj
                0x10004718                _exit
 .text.exit     0x1000471c        0x8 CMakeFiles/iggx_pio.dir/home/chris/Code/pico-sdk/src/rp2_common/pico_clib_interface/newlib_interface.c.obj
                0x1000471c                exit
 .text.runtime_init
                0x10004724       0x2c CMakeFiles/iggx_pio.dir/home/chris/Code/pico-sdk/src/rp2_common/pico_clib_interface/newlib_interface.c.obj
                0x10004724                runtime_init
 .text.stdio_out_chars_no_crlf
                0x10004750       0x10 CMakeFiles/iggx_pio.dir/home/chris/Code/pico-sdk/src/rp2_common/pico_stdio/stdio.c.obj
 .text.stdio_out_chars_crlf
                0x10004760       0xb0 CMakeFiles/iggx_pio.dir/home/chris/Code/pico-sdk/src/rp2_common/pico_stdio/stdio.c.obj
 .text.stdio_buffered_printer
                0x10004810       0x64 CMakeFiles/iggx_pio.dir/home/chris/Code/pico-sdk/src/rp2_common/pico_stdio/stdio.c.obj
 .text.stdio_put_string
                0x10004874       0xfc CMakeFiles/iggx_pio.dir/home/chris/Code/pico-sdk/src/rp2_common/pico_stdio/stdio.c.obj
                0x10004874                stdio_put_string
 .text.stdio_init_all
                0x10004970        0x4 CMakeFiles/iggx_pio.dir/home/chris/Code/pico-sdk/src/rp2_common/pico_stdio/stdio.c.obj
                0x10004970                stdio_init_all
 .text.__wrap_putchar
                0x10004974       0x94 CMakeFiles/iggx_pio.dir/home/chris/Code/pico-sdk/src/rp2_common/pico_stdio/stdio.c.obj
                0x10004974                stdio_putchar
                0x10004974                __wrap_putchar
 .text.__wrap_puts
                0x10004a08       0x3c CMakeFiles/iggx_pio.dir/home/chris/Code/pico-sdk/src/rp2_common/pico_stdio/stdio.c.obj
                0x10004a08                __wrap_puts
                0x10004a08                stdio_puts
 .text.__wrap_vprintf
                0x10004a44       0xcc CMakeFiles/iggx_pio.dir/home/chris/Code/pico-sdk/src/rp2_common/pico_stdio/stdio.c.obj
                0x10004a44                __wrap_vprintf
                0x10004a44                stdio_vprintf
 .text.__wrap_printf
                0x10004b10       0x18 CMakeFiles/iggx_pio.dir/home/chris/Code/pico-sdk/src/rp2_common/pico_stdio/stdio.c.obj
                0x10004b10                stdio_printf
                0x10004b10                __wrap_printf
 .text.pio_claim_unused_sm
                0x10004b28       0x38 CMakeFiles/iggx_pio.dir/home/chris/Code/pico-sdk/src/rp2_common/hardware_pio/pio.c.obj
                0x10004b28                pio_claim_unused_sm
 .text.pio_add_program
                0x10004b60       0xf8 CMakeFiles/iggx_pio.dir/home/chris/Code/pico-sdk/src/rp2_common/hardware_pio/pio.c.obj
                0x10004b60                pio_add_program
 .text.pio_sm_set_consecutive_pindirs
                0x10004c58       0xb4 CMakeFiles/iggx_pio.dir/home/chris/Code/pico-sdk/src/rp2_common/hardware_pio/pio.c.obj
                0x10004c58                pio_sm_set_consecutive_pindirs
 .text.pio_sm_init
                0x10004d0c       0x98 CMakeFiles/iggx_pio.dir/home/chris/Code/pico-sdk/src/rp2_common/hardware_pio/pio.c.obj
                0x10004d0c                pio_sm_init
 .text.dma_claim_unused_channel
                0x10004da4       0x24 CMakeFiles/iggx_pio.dir/home/chris/Code/pico-sdk/src/rp2_common/hardware_dma/dma.c.obj
                0x10004da4                dma_claim_unused_channel
 .text.adc_init
                0x10004dc8       0x38 CMakeFiles/iggx_pio.dir/home/chris/Code/pico-sdk/src/rp2_common/hardware_adc/adc.c.obj
                0x10004dc8                adc_init
 .text.atexit   0x10004e00       0x10 /usr/lib/gcc/arm-none-eabi/14.1.0/../../../../arm-none-eabi/lib/thumb/v6-m/nofp/libg.a(libc_a-atexit.o)
                0x10004e00                atexit
 .text.__libc_fini_array
                0x10004e10       0x28 /usr/lib/gcc/arm-none-eabi/14.1.0/../../../../arm-none-eabi/lib/thumb/v6-m/nofp/libg.a(libc_a-fini.o)
                0x10004e10                __libc_fini_array
 .text.__retarget_lock_acquire_recursive
                0x10004e38        0x4 /usr/lib/gcc/arm-none-eabi/14.1.0/../../../../arm-none-eabi/lib/thumb/v6-m/nofp/libg.a(libc_a-lock.o)
                0x10004e38                __retarget_lock_acquire_recursive
 .text.__retarget_lock_release_recursive
                0x10004e3c        0x4 /usr/lib/gcc/arm-none-eabi/14.1.0/../../../../arm-none-eabi/lib/thumb/v6-m/nofp/libg.a(libc_a-lock.o)
                0x10004e3c                __retarget_lock_release_recursive
 .text.strlen   0x10004e40       0x5c /usr/lib/gcc/arm-none-eabi/14.1.0/../../../../arm-none-eabi/lib/thumb/v6-m/nofp/libg.a(libc_a-strlen-stub.o)
                0x10004e40                strlen
 .text.__register_exitproc
                0x10004e9c       0xa8 /usr/lib/gcc/arm-none-eabi/14.1.0/../../../../arm-none-eabi/lib/thumb/v6-m/nofp/libg.a(libc_a-__atexit.o)
                0x10004e9c                __register_exitproc
 .text.startup.register_fini
                0x10004f44       0x18 /usr/lib/gcc/arm-none-eabi/14.1.0/../../../../arm-none-eabi/lib/thumb/v6-m/nofp/libg.a(libc_a-__call_atexit.o)
 *(.fini)
 .fini          0x10004f5c        0x4 /usr/lib/gcc/arm-none-eabi/14.1.0/thumb/v6-m/nofp/crti.o
                0x10004f5c                _fini
 .fini.__stub   0x10004f60       0x40 linker stubs
 *crtbegin.o(.ctors)
 *crtbegin?.o(.ctors)
 *(EXCLUDE_FILE(*crtend.o *crtend?.o) .ctors)
 *(SORT_BY_NAME(.ctors.*))
 *(.ctors)
 *crtbegin.o(.dtors)
 *crtbegin?.o(.dtors)
 *(EXCLUDE_FILE(*crtend.o *crtend?.o) .dtors)
 *(SORT_BY_NAME(.dtors.*))
 *(.dtors)
                0x10004fa0                        . = ALIGN (0x4)
                0x10004fa0                        PROVIDE (__preinit_array_start = .)
 *(SORT_BY_NAME(.preinit_array.*))
 .preinit_array.00100
                0x10004fa0        0x4 CMakeFiles/iggx_pio.dir/home/chris/Code/pico-sdk/src/rp2_common/pico_runtime_init/runtime_init.c.obj
                0x10004fa0                __pre_init_runtime_init_early_resets
 .preinit_array.00101
                0x10004fa4        0x4 CMakeFiles/iggx_pio.dir/home/chris/Code/pico-sdk/src/rp2_common/pico_runtime_init/runtime_init.c.obj
                0x10004fa4                __pre_init_runtime_init_usb_power_down
 .preinit_array.00275
                0x10004fa8        0x4 CMakeFiles/iggx_pio.dir/home/chris/Code/pico-sdk/src/rp2_common/pico_bit_ops/bit_ops_aeabi.S.obj
 .preinit_array.00300
                0x10004fac        0x4 CMakeFiles/iggx_pio.dir/home/chris/Code/pico-sdk/src/rp2_common/pico_mem_ops/mem_ops_aeabi.S.obj
 .preinit_array.00350
                0x10004fb0        0x4 CMakeFiles/iggx_pio.dir/home/chris/Code/pico-sdk/src/rp2_common/pico_double/double_aeabi_rp2040.S.obj
 .preinit_array.00350
                0x10004fb4        0x4 CMakeFiles/iggx_pio.dir/home/chris/Code/pico-sdk/src/rp2_common/pico_float/float_aeabi_rp2040.S.obj
 .preinit_array.00500
                0x10004fb8        0x4 CMakeFiles/iggx_pio.dir/home/chris/Code/pico-sdk/src/rp2_common/pico_runtime_init/runtime_init.c.obj
                0x10004fb8                __pre_init_runtime_init_clocks
 .preinit_array.00600
                0x10004fbc        0x4 CMakeFiles/iggx_pio.dir/home/chris/Code/pico-sdk/src/rp2_common/pico_runtime_init/runtime_init.c.obj
                0x10004fbc                __pre_init_runtime_init_post_clock_resets
 .preinit_array.00700
                0x10004fc0        0x4 CMakeFiles/iggx_pio.dir/home/chris/Code/pico-sdk/src/rp2_common/pico_runtime_init/runtime_init.c.obj
                0x10004fc0                __pre_init_runtime_init_rp2040_gpio_ie_disable
 .preinit_array.01000
                0x10004fc4        0x4 CMakeFiles/iggx_pio.dir/home/chris/Code/pico-sdk/src/rp2_common/pico_runtime_init/runtime_init.c.obj
                0x10004fc4                __pre_init_runtime_init_spin_locks_reset
 .preinit_array.01100
                0x10004fc8        0x4 CMakeFiles/iggx_pio.dir/home/chris/Code/pico-sdk/src/common/pico_sync/mutex.c.obj
                0x10004fc8                __pre_init_runtime_init_mutex
 .preinit_array.10080
                0x10004fcc        0x4 CMakeFiles/iggx_pio.dir/home/chris/Code/pico-sdk/src/rp2_common/pico_runtime_init/runtime_init.c.obj
                0x10004fcc                __pre_init_runtime_init_install_ram_vector_table
 .preinit_array.11000
                0x10004fd0        0x4 CMakeFiles/iggx_pio.dir/home/chris/Code/pico-sdk/src/common/pico_time/time.c.obj
                0x10004fd0                __pre_init_runtime_init_default_alarm_pool
 .preinit_array.YYYYY
                0x10004fd4        0x4 CMakeFiles/iggx_pio.dir/home/chris/Code/pico-sdk/src/rp2_common/pico_runtime/runtime.c.obj
                0x10004fd4                __pre_init_first_per_core_initializer
 .preinit_array.ZZZZZ.01200
                0x10004fd8        0x4 CMakeFiles/iggx_pio.dir/home/chris/Code/pico-sdk/src/rp2_common/hardware_irq/irq.c.obj
                0x10004fd8                __pre_init_runtime_init_per_core_irq_priorities
 *(.preinit_array)
                0x10004fdc                        PROVIDE (__preinit_array_end = .)
                0x10004fdc                        . = ALIGN (0x4)
                0x10004fdc                        PROVIDE (__init_array_start = .)
 *(SORT_BY_NAME(.init_array.*))
 .init_array.00000
                0x10004fdc        0x4 /usr/lib/gcc/arm-none-eabi/14.1.0/../../../../arm-none-eabi/lib/thumb/v6-m/nofp/libg.a(libc_a-__call_atexit.o)
 *(.init_array)
 .init_array    0x10004fe0        0x4 /usr/lib/gcc/arm-none-eabi/14.1.0/thumb/v6-m/nofp/crtbegin.o
                0x10004fe4                        PROVIDE (__init_array_end = .)
                0x10004fe4                        . = ALIGN (0x4)
                0x10004fe4                        PROVIDE (__fini_array_start = .)
 *(SORT_BY_NAME(.fini_array.*))
 *(.fini_array)
                0x10004fe4                        PROVIDE (__fini_array_end = .)
 *(.eh_frame*)
 .eh_frame      0x10004fe4        0x0 /usr/lib/gcc/arm-none-eabi/14.1.0/thumb/v6-m/nofp/crtbegin.o
                0x10004fe4                        . = ALIGN (0x4)

.glue_7         0x10004fe4        0x0
 .glue_7        0x10004fe4        0x0 linker stubs

.glue_7t        0x10004fe4        0x0
 .glue_7t       0x10004fe4        0x0 linker stubs

.vfp11_veneer   0x10004fe4        0x0
 .vfp11_veneer  0x10004fe4        0x0 linker stubs

.v4_bx          0x10004fe4        0x0
 .v4_bx         0x10004fe4        0x0 linker stubs

.iplt           0x10004fe4        0x0
 .iplt          0x10004fe4        0x0 /usr/lib/gcc/arm-none-eabi/14.1.0/thumb/v6-m/nofp/crtbegin.o

.rodata         0x10004fe8      0x40c
 *(EXCLUDE_FILE(*libm.a: *libc.a:*lib_a-mem*.o *libgcc.a:) .rodata*)
 .rodata.read_adc_buttons.str1.4
                0x10004fe8      0x196 CMakeFiles/iggx_pio.dir/iggx.c.obj
                                  0x4 (size before relaxing)
 .rodata.main.str1.4
                0x1000517e       0x84 CMakeFiles/iggx_pio.dir/iggx.c.obj
 *fill*         0x1000517e        0x2 
 .rodata.iggx_program
                0x10005180        0x8 CMakeFiles/iggx_pio.dir/iggx.c.obj
 .rodata.iggx_program_instructions
                0x10005188       0x24 CMakeFiles/iggx_pio.dir/iggx.c.obj
 .rodata.panic.str1.4
                0x100051ac       0x12 CMakeFiles/iggx_pio.dir/home/chris/Code/pico-sdk/src/rp2_common/pico_platform_panic/panic.c.obj
 .rodata.timer_hardware_alarm_claim.str1.4
                0x100051ac       0x22 CMakeFiles/iggx_pio.dir/home/chris/Code/pico-sdk/src/rp2_common/hardware_timer/timer.c.obj
 .rodata.hard_assertion_failure.str1.4
                0x100051ac        0xc CMakeFiles/iggx_pio.dir/home/chris/Code/pico-sdk/src/rp2_common/pico_runtime/runtime.c.obj
 .rodata.str1.4
                0x100051ac       0x6c CMakeFiles/iggx_pio.dir/home/chris/Code/pico-sdk/src/rp2_common/pico_standard_binary_info/standard_binary_info.c.obj
 .rodata.__bi_84
                0x100051ac        0xc CMakeFiles/iggx_pio.dir/home/chris/Code/pico-sdk/src/rp2_common/pico_standard_binary_info/standard_binary_info.c.obj
 .rodata.__bi_72
                0x100051b8        0xc CMakeFiles/iggx_pio.dir/home/chris/Code/pico-sdk/src/rp2_common/pico_standard_binary_info/standard_binary_info.c.obj
 .rodata.__bi_54
                0x100051c4        0xc CMakeFiles/iggx_pio.dir/home/chris/Code/pico-sdk/src/rp2_common/pico_standard_binary_info/standard_binary_info.c.obj
 .rodata.__bi_48
                0x100051d0        0xc CMakeFiles/iggx_pio.dir/home/chris/Code/pico-sdk/src/rp2_common/pico_standard_binary_info/standard_binary_info.c.obj
 .rodata.__bi_42
                0x100051dc        0xc CMakeFiles/iggx_pio.dir/home/chris/Code/pico-sdk/src/rp2_common/pico_standard_binary_info/standard_binary_info.c.obj
 .rodata.__bi_34
                0x100051e8        0xc CMakeFiles/iggx_pio.dir/home/chris/Code/pico-sdk/src/rp2_common/pico_standard_binary_info/standard_binary_info.c.obj
 .rodata.__bi_26
                0x100051f4        0xc CMakeFiles/iggx_pio.dir/home/chris/Code/pico-sdk/src/rp2_common/pico_standard_binary_info/standard_binary_info.c.obj
 .rodata._ftoa.str1.4
                0x10005200       0x15 CMakeFiles/iggx_pio.dir/home/chris/Code/pico-sdk/src/rp2_common/pico_printf/printf.c.obj
 .rodata._vsnprintf
                0x10005200      0x19c CMakeFiles/iggx_pio.dir/home/chris/Code/pico-sdk/src/rp2_common/pico_printf/printf.c.obj
 *fill*         0x1000539c        0x4 
 .rodata.pow10.0
                0x100053a0       0x50 CMakeFiles/iggx_pio.dir/home/chris/Code/pico-sdk/src/rp2_common/pico_printf/printf.c.obj
 .rodata.crlf_str.0
                0x100053f0        0x2 CMakeFiles/iggx_pio.dir/home/chris/Code/pico-sdk/src/rp2_common/pico_stdio/stdio.c.obj
 .rodata.pio_claim_unused_sm.str1.4
                0x100053f2       0x24 CMakeFiles/iggx_pio.dir/home/chris/Code/pico-sdk/src/rp2_common/hardware_pio/pio.c.obj
 .rodata.dma_claim_unused_channel.str1.4
                0x100053f2       0x1e CMakeFiles/iggx_pio.dir/home/chris/Code/pico-sdk/src/rp2_common/hardware_dma/dma.c.obj
                0x10005418                        . = ALIGN (0x4)
 *fill*         0x100053f2        0x2 
 *(SORT_BY_ALIGNMENT(SORT_BY_NAME(.flashdata*)))
                0x100053f4                        . = ALIGN (0x4)

.ARM.extab
 *(.ARM.extab* .gnu.linkonce.armextab.*)
                0x100053f4                        __exidx_start = .

.ARM.exidx
 *(.ARM.exidx* .gnu.linkonce.armexidx.*)
                0x100053f4                        __exidx_end = .
                0x100053f4                        . = ALIGN (0x4)
                0x100053f4                        __binary_info_start = .

.binary_info    0x100053f4       0x1c
 *(.binary_info.keep.*)
 .binary_info.keep.__bi_ptr84
                0x100053f4        0x4 CMakeFiles/iggx_pio.dir/home/chris/Code/pico-sdk/src/rp2_common/pico_standard_binary_info/standard_binary_info.c.obj
 .binary_info.keep.__bi_ptr72
                0x100053f8        0x4 CMakeFiles/iggx_pio.dir/home/chris/Code/pico-sdk/src/rp2_common/pico_standard_binary_info/standard_binary_info.c.obj
 .binary_info.keep.__bi_ptr54
                0x100053fc        0x4 CMakeFiles/iggx_pio.dir/home/chris/Code/pico-sdk/src/rp2_common/pico_standard_binary_info/standard_binary_info.c.obj
 .binary_info.keep.__bi_ptr48
                0x10005400        0x4 CMakeFiles/iggx_pio.dir/home/chris/Code/pico-sdk/src/rp2_common/pico_standard_binary_info/standard_binary_info.c.obj
 .binary_info.keep.__bi_ptr42
                0x10005404        0x4 CMakeFiles/iggx_pio.dir/home/chris/Code/pico-sdk/src/rp2_common/pico_standard_binary_info/standard_binary_info.c.obj
 .binary_info.keep.__bi_ptr34
                0x10005408        0x4 CMakeFiles/iggx_pio.dir/home/chris/Code/pico-sdk/src/rp2_common/pico_standard_binary_info/standard_binary_info.c.obj
 .binary_info.keep.__bi_ptr26
                0x1000540c        0x4 CMakeFiles/iggx_pio.dir/home/chris/Code/pico-sdk/src/rp2_common/pico_standard_binary_info/standard_binary_info.c.obj
 *(.binary_info.*)
                0x10005410                        __binary_info_end = .

.rel.dyn        0x10005410        0x0
 .rel.iplt      0x10005410        0x0 /usr/lib/gcc/arm-none-eabi/14.1.0/thumb/v6-m/nofp/crtbegin.o
                0x10005410                        . = ALIGN (0x4)

.ram_vector_table
                0x20000000       0xc0
 *(.ram_vector_table)
 .ram_vector_table
                0x20000000       0xc0 CMakeFiles/iggx_pio.dir/home/chris/Code/pico-sdk/src/rp2_common/pico_runtime_init/runtime_init.c.obj
                0x20000000                ram_vector_table

.uninitialized_data
                0x200000c0        0x0
                0x200000c0                        . = ALIGN (0x4)
 *(.uninitialized_data*)

.data           0x200000c0     0x6d2c load address 0x10005410
                0x200000c0                        __data_start__ = .
 *(vtable)
 *(.time_critical*)
 .time_critical.mutex_try_enter_block_until
                0x200000c0       0x98 CMakeFiles/iggx_pio.dir/home/chris/Code/pico-sdk/src/common/pico_sync/mutex.c.obj
                0x200000c0                mutex_try_enter_block_until
 .time_critical.mutex_exit
                0x20000158       0x28 CMakeFiles/iggx_pio.dir/home/chris/Code/pico-sdk/src/common/pico_sync/mutex.c.obj
                0x20000158                mutex_exit
 *(.text*)
 .text          0x20000180        0x4 /usr/lib/gcc/arm-none-eabi/14.1.0/thumb/v6-m/nofp/libgcc.a(_dvmd_tls.o)
                0x20000180                __aeabi_ldiv0
                0x20000180                __aeabi_idiv0
 *fill*         0x20000184        0x4 
 .text.__stub   0x20000188       0x10 linker stubs
                0x20000198                        . = ALIGN (0x4)
 *(.rodata*)
                0x20000198                        . = ALIGN (0x4)
 *(.data*)
 .data.frames   0x20000198     0x6c00 CMakeFiles/iggx_pio.dir/iggx.c.obj
                0x20000198                frames
 .data.num_frames
                0x20006d98        0x4 CMakeFiles/iggx_pio.dir/iggx.c.obj
                0x20006d98                num_frames
 .data.striped_spin_lock_num
                0x20006d9c        0x1 CMakeFiles/iggx_pio.dir/home/chris/Code/pico-sdk/src/rp2_common/hardware_sync/sync.c.obj
 *fill*         0x20006d9d        0x3 
 .data.default_alarm_pool
                0x20006da0       0x18 CMakeFiles/iggx_pio.dir/home/chris/Code/pico-sdk/src/common/pico_time/time.c.obj
 *fill*         0x20006db8        0x8 
 .data.aeabi_bits_funcs
                0x20006dc0       0x10 CMakeFiles/iggx_pio.dir/home/chris/Code/pico-sdk/src/rp2_common/pico_bit_ops/bit_ops_aeabi.S.obj
                0x20006dc0                aeabi_bits_funcs
                0x20006dd0                aeabi_bits_funcs_end
 .data.aeabi_mem_funcs
                0x20006dd0       0x10 CMakeFiles/iggx_pio.dir/home/chris/Code/pico-sdk/src/rp2_common/pico_mem_ops/mem_ops_aeabi.S.obj
                0x20006dd0                aeabi_mem_funcs
                0x20006de0                aeabi_mem_funcs_end
 .data.__atexit_recursive_mutex
                0x20006de0        0x4 /usr/lib/gcc/arm-none-eabi/14.1.0/../../../../arm-none-eabi/lib/thumb/v6-m/nofp/libg.a(libc_a-__call_atexit.o)
                0x20006de0                __atexit_recursive_mutex
                0x20006de4                        . = ALIGN (0x4)
 *(.after_data.*)
                0x20006de4                        . = ALIGN (0x4)
                0x20006de4                        PROVIDE (__mutex_array_start = .)
 *(SORT_BY_NAME(.mutex_array.*))
 *(.mutex_array)
 .mutex_array   0x20006de4        0x8 CMakeFiles/iggx_pio.dir/home/chris/Code/pico-sdk/src/rp2_common/pico_stdio/stdio.c.obj
                0x20006dec                        PROVIDE (__mutex_array_end = .)
                0x20006dec                        . = ALIGN (0x4)
 *(.jcr)
                0x20006dec                        . = ALIGN (0x4)

.igot.plt       0x20006dec        0x0 load address 0x1000c13c
 .igot.plt      0x20006dec        0x0 /usr/lib/gcc/arm-none-eabi/14.1.0/thumb/v6-m/nofp/crtbegin.o

.tdata          0x20006dec        0x0 load address 0x1000c13c
                0x20006dec                        . = ALIGN (0x4)
 *(.tdata .tdata.* .gnu.linkonce.td.*)
                0x20006dec                        __tdata_end = .
                0x20006dec                        PROVIDE (__data_end__ = .)
                0x10005410                        __etext = LOADADDR (.data)

.tbss           0x20006dec        0x0 load address 0x1000c13c
                0x20006dec                        . = ALIGN (0x4)
                0x20006dec                        __bss_start__ = .
                0x20006dec                        __tls_base = .
 *(.tbss .tbss.* .gnu.linkonce.tb.*)
 *(.tcommon)
                0x20006dec                        __tls_end = .

.bss            0x20006df0      0xba0 load address 0x1000c13c
                0x20006df0                        . = ALIGN (0x4)
                0x20006df0                        __tbss_end = .
 *(SORT_BY_ALIGNMENT(SORT_BY_NAME(.bss*)))
 .bss.default_alarm_pool_entries
                0x20006df0      0x180 CMakeFiles/iggx_pio.dir/home/chris/Code/pico-sdk/src/common/pico_time/time.c.obj
 .bss.iggx_buf  0x20006f70      0x200 CMakeFiles/iggx_pio.dir/iggx.c.obj
                0x20006f70                iggx_buf
 .bss.iggx_buf_2
                0x20007170      0x200 CMakeFiles/iggx_pio.dir/iggx.c.obj
                0x20007170                iggx_buf_2
 .bss.sd_table  0x20007370      0x100 CMakeFiles/iggx_pio.dir/home/chris/Code/pico-sdk/src/rp2_common/pico_double/double_init_rom_rp2040.c.obj
                0x20007370                sd_table
 .bss.second_buf
                0x20007470      0x200 CMakeFiles/iggx_pio.dir/iggx.c.obj
                0x20007470                second_buf
 .bss.sf_table  0x20007670      0x100 CMakeFiles/iggx_pio.dir/home/chris/Code/pico-sdk/src/rp2_common/pico_float/float_init_rom_rp2040.c.obj
                0x20007670                sf_table
 .bss.__atexit  0x20007770        0x4 /usr/lib/gcc/arm-none-eabi/14.1.0/../../../../arm-none-eabi/lib/thumb/v6-m/nofp/libg.a(libc_a-__call_atexit.o)
                0x20007770                __atexit
 .bss.__atexit0
                0x20007774      0x190 /usr/lib/gcc/arm-none-eabi/14.1.0/../../../../arm-none-eabi/lib/thumb/v6-m/nofp/libg.a(libc_a-__atexit.o)
                0x20007774                __atexit0
 .bss.__lock___atexit_recursive_mutex
                0x20007904        0x1 /usr/lib/gcc/arm-none-eabi/14.1.0/../../../../arm-none-eabi/lib/thumb/v6-m/nofp/libg.a(libc_a-lock.o)
                0x20007904                __lock___atexit_recursive_mutex
 *fill*         0x20007905        0x3 
 .bss._used_instruction_space
                0x20007908        0x8 CMakeFiles/iggx_pio.dir/home/chris/Code/pico-sdk/src/rp2_common/hardware_pio/pio.c.obj
 .bss.claimed   0x20007910        0x1 CMakeFiles/iggx_pio.dir/home/chris/Code/pico-sdk/src/rp2_common/hardware_timer/timer.c.obj
 *fill*         0x20007911        0x3 
 .bss.claimed   0x20007914        0x1 CMakeFiles/iggx_pio.dir/home/chris/Code/pico-sdk/src/rp2_common/hardware_pio/pio.c.obj
 *fill*         0x20007915        0x3 
 .bss.configured_freq
                0x20007918       0x28 CMakeFiles/iggx_pio.dir/home/chris/Code/pico-sdk/src/rp2_common/hardware_clocks/clocks.c.obj
 .bss.current_frame
                0x20007940        0x4 CMakeFiles/iggx_pio.dir/iggx.c.obj
                0x20007940                current_frame
 .bss.current_frame_ptr
                0x20007944        0x4 CMakeFiles/iggx_pio.dir/iggx.c.obj
                0x20007944                current_frame_ptr
 .bss.current_frame_write_ptr
                0x20007948        0x4 CMakeFiles/iggx_pio.dir/iggx.c.obj
                0x20007948                current_frame_write_ptr
 .bss.drivers   0x2000794c        0x4 CMakeFiles/iggx_pio.dir/home/chris/Code/pico-sdk/src/rp2_common/pico_stdio/stdio.c.obj
 .bss.filter    0x20007950        0x4 CMakeFiles/iggx_pio.dir/home/chris/Code/pico-sdk/src/rp2_common/pico_stdio/stdio.c.obj
 .bss.iggx_dma  0x20007954        0x4 CMakeFiles/iggx_pio.dir/iggx.c.obj
                0x20007954                iggx_dma
 .bss.lazy_vsnprintf
                0x20007958        0x4 CMakeFiles/iggx_pio.dir/home/chris/Code/pico-sdk/src/rp2_common/pico_printf/printf.c.obj
 .bss.object.0  0x2000795c       0x18 /usr/lib/gcc/arm-none-eabi/14.1.0/thumb/v6-m/nofp/crtbegin.o
 .bss.pools     0x20007974       0x10 CMakeFiles/iggx_pio.dir/home/chris/Code/pico-sdk/src/common/pico_time/time.c.obj
 .bss.sf_clz_func
                0x20007984        0x4 CMakeFiles/iggx_pio.dir/home/chris/Code/pico-sdk/src/rp2_common/pico_double/double_init_rom_rp2040.c.obj
                0x20007984                sf_clz_func
 .bss.sleep_notifier
                0x20007988        0x4 CMakeFiles/iggx_pio.dir/home/chris/Code/pico-sdk/src/common/pico_time/time.c.obj
 .bss._claimed  0x2000798c        0x2 CMakeFiles/iggx_pio.dir/home/chris/Code/pico-sdk/src/rp2_common/hardware_dma/dma.c.obj
 *(COMMON)
                0x20007990                        . = ALIGN (0x4)
 *fill*         0x2000798e        0x2 
                0x20007990                        __bss_end__ = .

.heap           0x20007990    0x38670 load address 0x1000c13c
                0x20007990                        __end__ = .
                0x20007990                        end = __end__
 *(.heap*)
 .heap          0x20007990      0x800 CMakeFiles/iggx_pio.dir/home/chris/Code/pico-sdk/src/rp2_common/pico_crt0/crt0.S.obj
                0x20040000                        . = (ORIGIN (RAM) + LENGTH (RAM))
 *fill*         0x20008190    0x37e70 
                0x20040000                        __HeapLimit = .

.scratch_x      0x20040000        0x0 load address 0x1000c13c
                0x20040000                        __scratch_x_start__ = .
 *(.scratch_x.*)
                0x20040000                        . = ALIGN (0x4)
                0x20040000                        __scratch_x_end__ = .
                0x1000c13c                        __scratch_x_source__ = LOADADDR (.scratch_x)

.scratch_y      0x20041000        0x0 load address 0x1000c13c
                0x20041000                        __scratch_y_start__ = .
 *(.scratch_y.*)
                0x20041000                        . = ALIGN (0x4)
                0x20041000                        __scratch_y_end__ = .
                0x1000c13c                        __scratch_y_source__ = LOADADDR (.scratch_y)

.stack1_dummy
 *(.stack1*)

.stack_dummy    0x20041000      0x800
 *(.stack*)
 .stack         0x20041000      0x800 CMakeFiles/iggx_pio.dir/home/chris/Code/pico-sdk/src/rp2_common/pico_crt0/crt0.S.obj

.flash_end      0x1000c13c        0x0
 *(.embedded_end_block*)
                0x1000c13c                        PROVIDE (__flash_binary_end = .)
                0x20040000                        __StackLimit = (ORIGIN (RAM) + LENGTH (RAM))
                0x20041000                        __StackOneTop = (ORIGIN (SCRATCH_X) + LENGTH (SCRATCH_X))
                0x20042000                        __StackTop = (ORIGIN (SCRATCH_Y) + LENGTH (SCRATCH_Y))
                0x20041000                        __StackOneBottom = (__StackOneTop - SIZEOF (.stack1_dummy))
                0x20041800                        __StackBottom = (__StackTop - SIZEOF (.stack_dummy))
                0x20042000                        PROVIDE (__stack = __StackTop)
                [!provide]                        PROVIDE (__heap_start = __end__)
                [!provide]                        PROVIDE (__heap_end = __HeapLimit)
                [!provide]                        PROVIDE (__tls_align = MAX (ALIGNOF (.tdata), ALIGNOF (.tbss)))
                [!provide]                        PROVIDE (__tls_size_align = (((__tls_size + __tls_align) - 0x1) & ~ ((__tls_align - 0x1))))
                [!provide]                        PROVIDE (__arm32_tls_tcb_offset = MAX (0x8, __tls_align))
                [!provide]                        PROVIDE (_end = __end__)
                [!provide]                        PROVIDE (__llvm_libc_heap_limit = __HeapLimit)
                0x00000001                        ASSERT ((__StackLimit >= __HeapLimit), region RAM overflowed)
                0x00000001                        ASSERT (((__binary_info_header_end - __logical_binary_start) <= 0x100), Binary info must be in first 256 bytes of the binary)
LOAD CMakeFiles/iggx_pio.dir/iggx.c.obj
LOAD CMakeFiles/iggx_pio.dir/home/chris/Code/pico-sdk/src/rp2_common/pico_stdlib/stdlib.c.obj
LOAD CMakeFiles/iggx_pio.dir/home/chris/Code/pico-sdk/src/rp2_common/hardware_gpio/gpio.c.obj
LOAD CMakeFiles/iggx_pio.dir/home/chris/Code/pico-sdk/src/rp2040/pico_platform/platform.c.obj
LOAD CMakeFiles/iggx_pio.dir/home/chris/Code/pico-sdk/src/rp2_common/pico_platform_panic/panic.c.obj
LOAD CMakeFiles/iggx_pio.dir/home/chris/Code/pico-sdk/src/common/hardware_claim/claim.c.obj
LOAD CMakeFiles/iggx_pio.dir/home/chris/Code/pico-sdk/src/rp2_common/hardware_sync/sync.c.obj
LOAD CMakeFiles/iggx_pio.dir/home/chris/Code/pico-sdk/src/rp2_common/hardware_sync_spin_lock/sync_spin_lock.c.obj
LOAD CMakeFiles/iggx_pio.dir/home/chris/Code/pico-sdk/src/rp2_common/hardware_irq/irq.c.obj
LOAD CMakeFiles/iggx_pio.dir/home/chris/Code/pico-sdk/src/rp2_common/hardware_irq/irq_handler_chain.S.obj
LOAD CMakeFiles/iggx_pio.dir/home/chris/Code/pico-sdk/src/common/pico_sync/sem.c.obj
LOAD CMakeFiles/iggx_pio.dir/home/chris/Code/pico-sdk/src/common/pico_sync/lock_core.c.obj
LOAD CMakeFiles/iggx_pio.dir/home/chris/Code/pico-sdk/src/common/pico_sync/mutex.c.obj
LOAD CMakeFiles/iggx_pio.dir/home/chris/Code/pico-sdk/src/common/pico_sync/critical_section.c.obj
LOAD CMakeFiles/iggx_pio.dir/home/chris/Code/pico-sdk/src/common/pico_time/time.c.obj
LOAD CMakeFiles/iggx_pio.dir/home/chris/Code/pico-sdk/src/common/pico_time/timeout_helper.c.obj
LOAD CMakeFiles/iggx_pio.dir/home/chris/Code/pico-sdk/src/rp2_common/hardware_timer/timer.c.obj
LOAD CMakeFiles/iggx_pio.dir/home/chris/Code/pico-sdk/src/common/pico_util/datetime.c.obj
LOAD CMakeFiles/iggx_pio.dir/home/chris/Code/pico-sdk/src/common/pico_util/pheap.c.obj
LOAD CMakeFiles/iggx_pio.dir/home/chris/Code/pico-sdk/src/common/pico_util/queue.c.obj
LOAD CMakeFiles/iggx_pio.dir/home/chris/Code/pico-sdk/src/rp2_common/hardware_uart/uart.c.obj
LOAD CMakeFiles/iggx_pio.dir/home/chris/Code/pico-sdk/src/rp2_common/hardware_clocks/clocks.c.obj
LOAD CMakeFiles/iggx_pio.dir/home/chris/Code/pico-sdk/src/rp2_common/hardware_pll/pll.c.obj
LOAD CMakeFiles/iggx_pio.dir/home/chris/Code/pico-sdk/src/rp2_common/hardware_vreg/vreg.c.obj
LOAD CMakeFiles/iggx_pio.dir/home/chris/Code/pico-sdk/src/rp2_common/hardware_watchdog/watchdog.c.obj
LOAD CMakeFiles/iggx_pio.dir/home/chris/Code/pico-sdk/src/rp2_common/hardware_ticks/ticks.c.obj
LOAD CMakeFiles/iggx_pio.dir/home/chris/Code/pico-sdk/src/rp2_common/hardware_xosc/xosc.c.obj
LOAD CMakeFiles/iggx_pio.dir/home/chris/Code/pico-sdk/src/rp2_common/hardware_divider/divider.S.obj
LOAD CMakeFiles/iggx_pio.dir/home/chris/Code/pico-sdk/src/rp2_common/pico_runtime/runtime.c.obj
LOAD CMakeFiles/iggx_pio.dir/home/chris/Code/pico-sdk/src/rp2_common/pico_runtime_init/runtime_init.c.obj
LOAD CMakeFiles/iggx_pio.dir/home/chris/Code/pico-sdk/src/rp2_common/pico_runtime_init/runtime_init_clocks.c.obj
LOAD CMakeFiles/iggx_pio.dir/home/chris/Code/pico-sdk/src/rp2_common/pico_runtime_init/runtime_init_stack_guard.c.obj
LOAD CMakeFiles/iggx_pio.dir/home/chris/Code/pico-sdk/src/rp2_common/pico_bit_ops/bit_ops_aeabi.S.obj
LOAD CMakeFiles/iggx_pio.dir/home/chris/Code/pico-sdk/src/rp2_common/pico_bootrom/bootrom.c.obj
LOAD CMakeFiles/iggx_pio.dir/home/chris/Code/pico-sdk/src/rp2_common/pico_bootrom/bootrom_lock.c.obj
LOAD CMakeFiles/iggx_pio.dir/home/chris/Code/pico-sdk/src/rp2_common/hardware_boot_lock/boot_lock.c.obj
LOAD CMakeFiles/iggx_pio.dir/home/chris/Code/pico-sdk/src/rp2_common/pico_divider/divider_hardware.S.obj
LOAD CMakeFiles/iggx_pio.dir/home/chris/Code/pico-sdk/src/rp2_common/pico_double/double_aeabi_rp2040.S.obj
LOAD CMakeFiles/iggx_pio.dir/home/chris/Code/pico-sdk/src/rp2_common/pico_double/double_init_rom_rp2040.c.obj
LOAD CMakeFiles/iggx_pio.dir/home/chris/Code/pico-sdk/src/rp2_common/pico_double/double_math.c.obj
LOAD CMakeFiles/iggx_pio.dir/home/chris/Code/pico-sdk/src/rp2_common/pico_double/double_v1_rom_shim_rp2040.S.obj
LOAD CMakeFiles/iggx_pio.dir/home/chris/Code/pico-sdk/src/rp2_common/pico_int64_ops/pico_int64_ops_aeabi.S.obj
LOAD CMakeFiles/iggx_pio.dir/home/chris/Code/pico-sdk/src/rp2_common/pico_float/float_aeabi_rp2040.S.obj
LOAD CMakeFiles/iggx_pio.dir/home/chris/Code/pico-sdk/src/rp2_common/pico_float/float_init_rom_rp2040.c.obj
LOAD CMakeFiles/iggx_pio.dir/home/chris/Code/pico-sdk/src/rp2_common/pico_float/float_math.c.obj
LOAD CMakeFiles/iggx_pio.dir/home/chris/Code/pico-sdk/src/rp2_common/pico_float/float_v1_rom_shim_rp2040.S.obj
LOAD CMakeFiles/iggx_pio.dir/home/chris/Code/pico-sdk/src/rp2_common/pico_malloc/malloc.c.obj
LOAD CMakeFiles/iggx_pio.dir/home/chris/Code/pico-sdk/src/rp2_common/pico_mem_ops/mem_ops_aeabi.S.obj
LOAD CMakeFiles/iggx_pio.dir/home/chris/Code/pico-sdk/src/rp2_common/pico_atomic/atomic.c.obj
LOAD CMakeFiles/iggx_pio.dir/home/chris/Code/pico-sdk/src/rp2_common/pico_cxx_options/new_delete.cpp.obj
LOAD CMakeFiles/iggx_pio.dir/home/chris/Code/pico-sdk/src/rp2_common/pico_standard_binary_info/standard_binary_info.c.obj
LOAD CMakeFiles/iggx_pio.dir/home/chris/Code/pico-sdk/src/rp2_common/pico_printf/printf.c.obj
LOAD CMakeFiles/iggx_pio.dir/home/chris/Code/pico-sdk/src/rp2_common/pico_crt0/crt0.S.obj
LOAD CMakeFiles/iggx_pio.dir/home/chris/Code/pico-sdk/src/rp2_common/pico_clib_interface/newlib_interface.c.obj
LOAD CMakeFiles/iggx_pio.dir/home/chris/Code/pico-sdk/src/rp2_common/pico_stdio/stdio.c.obj
LOAD CMakeFiles/iggx_pio.dir/home/chris/Code/pico-sdk/src/rp2_common/hardware_pio/pio.c.obj
LOAD CMakeFiles/iggx_pio.dir/home/chris/Code/pico-sdk/src/rp2_common/hardware_dma/dma.c.obj
LOAD CMakeFiles/iggx_pio.dir/home/chris/Code/pico-sdk/src/rp2_common/hardware_adc/adc.c.obj
LOAD /tmp/ccIX64vT.o
LOAD /usr/lib/gcc/arm-none-eabi/14.1.0/../../../../arm-none-eabi/lib/thumb/v6-m/nofp/libstdc++.a
LOAD /usr/lib/gcc/arm-none-eabi/14.1.0/../../../../arm-none-eabi/lib/thumb/v6-m/nofp/libm.a
START GROUP
LOAD /usr/lib/gcc/arm-none-eabi/14.1.0/thumb/v6-m/nofp/libgcc.a
LOAD /usr/lib/gcc/arm-none-eabi/14.1.0/../../../../arm-none-eabi/lib/thumb/v6-m/nofp/libg.a
LOAD /usr/lib/gcc/arm-none-eabi/14.1.0/../../../../arm-none-eabi/lib/thumb/v6-m/nofp/libc.a
END GROUP
START GROUP
LOAD /usr/lib/gcc/arm-none-eabi/14.1.0/thumb/v6-m/nofp/libgcc.a
LOAD /usr/lib/gcc/arm-none-eabi/14.1.0/../../../../arm-none-eabi/lib/thumb/v6-m/nofp/libc.a
LOAD /usr/lib/gcc/arm-none-eabi/14.1.0/../../../../arm-none-eabi/lib/thumb/v6-m/nofp/libnosys.a
END GROUP
LOAD /usr/lib/gcc/arm-none-eabi/14.1.0/thumb/v6-m/nofp/crtend.o
LOAD /usr/lib/gcc/arm-none-eabi/14.1.0/thumb/v6-m/nofp/crtn.o
OUTPUT(iggx_pio.elf elf32-littlearm)
LOAD linker stubs

.ARM.attributes
                0x00000000       0x28
 .ARM.attributes
                0x00000000       0x1e /usr/lib/gcc/arm-none-eabi/14.1.0/thumb/v6-m/nofp/crti.o
 .ARM.attributes
                0x0000001e       0x2c /usr/lib/gcc/arm-none-eabi/14.1.0/thumb/v6-m/nofp/crtbegin.o
 .ARM.attributes
                0x0000004a       0x2c CMakeFiles/iggx_pio.dir/iggx.c.obj
 .ARM.attributes
                0x00000076       0x2c CMakeFiles/iggx_pio.dir/home/chris/Code/pico-sdk/src/rp2_common/hardware_gpio/gpio.c.obj
 .ARM.attributes
                0x000000a2       0x2c CMakeFiles/iggx_pio.dir/home/chris/Code/pico-sdk/src/rp2_common/pico_platform_panic/panic.c.obj
 .ARM.attributes
                0x000000ce       0x2c CMakeFiles/iggx_pio.dir/home/chris/Code/pico-sdk/src/common/hardware_claim/claim.c.obj
 .ARM.attributes
                0x000000fa       0x2c CMakeFiles/iggx_pio.dir/home/chris/Code/pico-sdk/src/rp2_common/hardware_sync/sync.c.obj
 .ARM.attributes
                0x00000126       0x2c CMakeFiles/iggx_pio.dir/home/chris/Code/pico-sdk/src/rp2_common/hardware_sync_spin_lock/sync_spin_lock.c.obj
 .ARM.attributes
                0x00000152       0x2c CMakeFiles/iggx_pio.dir/home/chris/Code/pico-sdk/src/rp2_common/hardware_irq/irq.c.obj
 .ARM.attributes
                0x0000017e       0x2c CMakeFiles/iggx_pio.dir/home/chris/Code/pico-sdk/src/common/pico_sync/lock_core.c.obj
 .ARM.attributes
                0x000001aa       0x2c CMakeFiles/iggx_pio.dir/home/chris/Code/pico-sdk/src/common/pico_sync/mutex.c.obj
 .ARM.attributes
                0x000001d6       0x2c CMakeFiles/iggx_pio.dir/home/chris/Code/pico-sdk/src/common/pico_time/time.c.obj
 .ARM.attributes
                0x00000202       0x2c CMakeFiles/iggx_pio.dir/home/chris/Code/pico-sdk/src/rp2_common/hardware_timer/timer.c.obj
 .ARM.attributes
                0x0000022e       0x2c CMakeFiles/iggx_pio.dir/home/chris/Code/pico-sdk/src/rp2_common/hardware_clocks/clocks.c.obj
 .ARM.attributes
                0x0000025a       0x2c CMakeFiles/iggx_pio.dir/home/chris/Code/pico-sdk/src/rp2_common/hardware_pll/pll.c.obj
 .ARM.attributes
                0x00000286       0x2c CMakeFiles/iggx_pio.dir/home/chris/Code/pico-sdk/src/rp2_common/hardware_ticks/ticks.c.obj
 .ARM.attributes
                0x000002b2       0x2c CMakeFiles/iggx_pio.dir/home/chris/Code/pico-sdk/src/rp2_common/hardware_xosc/xosc.c.obj
 .ARM.attributes
                0x000002de       0x2c CMakeFiles/iggx_pio.dir/home/chris/Code/pico-sdk/src/rp2_common/pico_runtime/runtime.c.obj
 .ARM.attributes
                0x0000030a       0x2c CMakeFiles/iggx_pio.dir/home/chris/Code/pico-sdk/src/rp2_common/pico_runtime_init/runtime_init.c.obj
 .ARM.attributes
                0x00000336       0x2c CMakeFiles/iggx_pio.dir/home/chris/Code/pico-sdk/src/rp2_common/pico_runtime_init/runtime_init_clocks.c.obj
 .ARM.attributes
                0x00000362       0x22 CMakeFiles/iggx_pio.dir/home/chris/Code/pico-sdk/src/rp2_common/pico_bit_ops/bit_ops_aeabi.S.obj
 .ARM.attributes
                0x00000384       0x2c CMakeFiles/iggx_pio.dir/home/chris/Code/pico-sdk/src/rp2_common/pico_bootrom/bootrom.c.obj
 .ARM.attributes
                0x000003b0       0x22 CMakeFiles/iggx_pio.dir/home/chris/Code/pico-sdk/src/rp2_common/pico_divider/divider_hardware.S.obj
 .ARM.attributes
                0x000003d2       0x22 CMakeFiles/iggx_pio.dir/home/chris/Code/pico-sdk/src/rp2_common/pico_double/double_aeabi_rp2040.S.obj
 .ARM.attributes
                0x000003f4       0x2c CMakeFiles/iggx_pio.dir/home/chris/Code/pico-sdk/src/rp2_common/pico_double/double_init_rom_rp2040.c.obj
 .ARM.attributes
                0x00000420       0x22 CMakeFiles/iggx_pio.dir/home/chris/Code/pico-sdk/src/rp2_common/pico_double/double_v1_rom_shim_rp2040.S.obj
 .ARM.attributes
                0x00000442       0x22 CMakeFiles/iggx_pio.dir/home/chris/Code/pico-sdk/src/rp2_common/pico_int64_ops/pico_int64_ops_aeabi.S.obj
 .ARM.attributes
                0x00000464       0x22 CMakeFiles/iggx_pio.dir/home/chris/Code/pico-sdk/src/rp2_common/pico_float/float_aeabi_rp2040.S.obj
 .ARM.attributes
                0x00000486       0x2c CMakeFiles/iggx_pio.dir/home/chris/Code/pico-sdk/src/rp2_common/pico_float/float_init_rom_rp2040.c.obj
 .ARM.attributes
                0x000004b2       0x22 CMakeFiles/iggx_pio.dir/home/chris/Code/pico-sdk/src/rp2_common/pico_float/float_v1_rom_shim_rp2040.S.obj
 .ARM.attributes
                0x000004d4       0x22 CMakeFiles/iggx_pio.dir/home/chris/Code/pico-sdk/src/rp2_common/pico_mem_ops/mem_ops_aeabi.S.obj
 .ARM.attributes
                0x000004f6       0x2c CMakeFiles/iggx_pio.dir/home/chris/Code/pico-sdk/src/rp2_common/pico_standard_binary_info/standard_binary_info.c.obj
 .ARM.attributes
                0x00000522       0x2c CMakeFiles/iggx_pio.dir/home/chris/Code/pico-sdk/src/rp2_common/pico_printf/printf.c.obj
 .ARM.attributes
                0x0000054e       0x22 CMakeFiles/iggx_pio.dir/home/chris/Code/pico-sdk/src/rp2_common/pico_crt0/crt0.S.obj
 .ARM.attributes
                0x00000570       0x2c CMakeFiles/iggx_pio.dir/home/chris/Code/pico-sdk/src/rp2_common/pico_clib_interface/newlib_interface.c.obj
 .ARM.attributes
                0x0000059c       0x2c CMakeFiles/iggx_pio.dir/home/chris/Code/pico-sdk/src/rp2_common/pico_stdio/stdio.c.obj
 .ARM.attributes
                0x000005c8       0x2c CMakeFiles/iggx_pio.dir/home/chris/Code/pico-sdk/src/rp2_common/hardware_pio/pio.c.obj
 .ARM.attributes
                0x000005f4       0x2c CMakeFiles/iggx_pio.dir/home/chris/Code/pico-sdk/src/rp2_common/hardware_dma/dma.c.obj
 .ARM.attributes
                0x00000620       0x2c CMakeFiles/iggx_pio.dir/home/chris/Code/pico-sdk/src/rp2_common/hardware_adc/adc.c.obj
 .ARM.attributes
                0x0000064c       0x22 /tmp/ccIX64vT.o
 .ARM.attributes
                0x0000066e       0x1e /usr/lib/gcc/arm-none-eabi/14.1.0/thumb/v6-m/nofp/libgcc.a(_dvmd_tls.o)
 .ARM.attributes
                0x0000068c       0x2c /usr/lib/gcc/arm-none-eabi/14.1.0/../../../../arm-none-eabi/lib/thumb/v6-m/nofp/libg.a(libc_a-atexit.o)
 .ARM.attributes
                0x000006b8       0x2c /usr/lib/gcc/arm-none-eabi/14.1.0/../../../../arm-none-eabi/lib/thumb/v6-m/nofp/libg.a(libc_a-fini.o)
 .ARM.attributes
                0x000006e4       0x2c /usr/lib/gcc/arm-none-eabi/14.1.0/../../../../arm-none-eabi/lib/thumb/v6-m/nofp/libg.a(libc_a-lock.o)
 .ARM.attributes
                0x00000710       0x2c /usr/lib/gcc/arm-none-eabi/14.1.0/../../../../arm-none-eabi/lib/thumb/v6-m/nofp/libg.a(libc_a-strlen-stub.o)
 .ARM.attributes
                0x0000073c       0x2c /usr/lib/gcc/arm-none-eabi/14.1.0/../../../../arm-none-eabi/lib/thumb/v6-m/nofp/libg.a(libc_a-__atexit.o)
 .ARM.attributes
                0x00000768       0x2c /usr/lib/gcc/arm-none-eabi/14.1.0/../../../../arm-none-eabi/lib/thumb/v6-m/nofp/libg.a(libc_a-__call_atexit.o)

.comment        0x00000000       0x1e
 .comment       0x00000000       0x1e CMakeFiles/iggx_pio.dir/iggx.c.obj
                                 0x1f (size before relaxing)
 .comment       0x0000001e       0x1f CMakeFiles/iggx_pio.dir/home/chris/Code/pico-sdk/src/rp2_common/hardware_gpio/gpio.c.obj
 .comment       0x0000001e       0x1f CMakeFiles/iggx_pio.dir/home/chris/Code/pico-sdk/src/rp2_common/pico_platform_panic/panic.c.obj
 .comment       0x0000001e       0x1f CMakeFiles/iggx_pio.dir/home/chris/Code/pico-sdk/src/common/hardware_claim/claim.c.obj
 .comment       0x0000001e       0x1f CMakeFiles/iggx_pio.dir/home/chris/Code/pico-sdk/src/rp2_common/hardware_sync/sync.c.obj
 .comment       0x0000001e       0x1f CMakeFiles/iggx_pio.dir/home/chris/Code/pico-sdk/src/rp2_common/hardware_sync_spin_lock/sync_spin_lock.c.obj
 .comment       0x0000001e       0x1f CMakeFiles/iggx_pio.dir/home/chris/Code/pico-sdk/src/rp2_common/hardware_irq/irq.c.obj
 .comment       0x0000001e       0x1f CMakeFiles/iggx_pio.dir/home/chris/Code/pico-sdk/src/common/pico_sync/lock_core.c.obj
 .comment       0x0000001e       0x1f CMakeFiles/iggx_pio.dir/home/chris/Code/pico-sdk/src/common/pico_sync/mutex.c.obj
 .comment       0x0000001e       0x1f CMakeFiles/iggx_pio.dir/home/chris/Code/pico-sdk/src/common/pico_time/time.c.obj
 .comment       0x0000001e       0x1f CMakeFiles/iggx_pio.dir/home/chris/Code/pico-sdk/src/rp2_common/hardware_timer/timer.c.obj
 .comment       0x0000001e       0x1f CMakeFiles/iggx_pio.dir/home/chris/Code/pico-sdk/src/rp2_common/hardware_clocks/clocks.c.obj
 .comment       0x0000001e       0x1f CMakeFiles/iggx_pio.dir/home/chris/Code/pico-sdk/src/rp2_common/hardware_pll/pll.c.obj
 .comment       0x0000001e       0x1f CMakeFiles/iggx_pio.dir/home/chris/Code/pico-sdk/src/rp2_common/hardware_ticks/ticks.c.obj
 .comment       0x0000001e       0x1f CMakeFiles/iggx_pio.dir/home/chris/Code/pico-sdk/src/rp2_common/hardware_xosc/xosc.c.obj
 .comment       0x0000001e       0x1f CMakeFiles/iggx_pio.dir/home/chris/Code/pico-sdk/src/rp2_common/pico_runtime/runtime.c.obj
 .comment       0x0000001e       0x1f CMakeFiles/iggx_pio.dir/home/chris/Code/pico-sdk/src/rp2_common/pico_runtime_init/runtime_init.c.obj
 .comment       0x0000001e       0x1f CMakeFiles/iggx_pio.dir/home/chris/Code/pico-sdk/src/rp2_common/pico_runtime_init/runtime_init_clocks.c.obj
 .comment       0x0000001e       0x1f CMakeFiles/iggx_pio.dir/home/chris/Code/pico-sdk/src/rp2_common/pico_bootrom/bootrom.c.obj
 .comment       0x0000001e       0x1f CMakeFiles/iggx_pio.dir/home/chris/Code/pico-sdk/src/rp2_common/pico_double/double_init_rom_rp2040.c.obj
 .comment       0x0000001e       0x1f CMakeFiles/iggx_pio.dir/home/chris/Code/pico-sdk/src/rp2_common/pico_float/float_init_rom_rp2040.c.obj
 .comment       0x0000001e       0x1f CMakeFiles/iggx_pio.dir/home/chris/Code/pico-sdk/src/rp2_common/pico_standard_binary_info/standard_binary_info.c.obj
 .comment       0x0000001e       0x1f CMakeFiles/iggx_pio.dir/home/chris/Code/pico-sdk/src/rp2_common/pico_printf/printf.c.obj
 .comment       0x0000001e       0x1f CMakeFiles/iggx_pio.dir/home/chris/Code/pico-sdk/src/rp2_common/pico_clib_interface/newlib_interface.c.obj
 .comment       0x0000001e       0x1f CMakeFiles/iggx_pio.dir/home/chris/Code/pico-sdk/src/rp2_common/pico_stdio/stdio.c.obj
 .comment       0x0000001e       0x1f CMakeFiles/iggx_pio.dir/home/chris/Code/pico-sdk/src/rp2_common/hardware_pio/pio.c.obj
 .comment       0x0000001e       0x1f CMakeFiles/iggx_pio.dir/home/chris/Code/pico-sdk/src/rp2_common/hardware_dma/dma.c.obj
 .comment       0x0000001e       0x1f CMakeFiles/iggx_pio.dir/home/chris/Code/pico-sdk/src/rp2_common/hardware_adc/adc.c.obj
 .comment       0x0000001e       0x1f /usr/lib/gcc/arm-none-eabi/14.1.0/../../../../arm-none-eabi/lib/thumb/v6-m/nofp/libg.a(libc_a-atexit.o)
 .comment       0x0000001e       0x1f /usr/lib/gcc/arm-none-eabi/14.1.0/../../../../arm-none-eabi/lib/thumb/v6-m/nofp/libg.a(libc_a-fini.o)
 .comment       0x0000001e       0x1f /usr/lib/gcc/arm-none-eabi/14.1.0/../../../../arm-none-eabi/lib/thumb/v6-m/nofp/libg.a(libc_a-lock.o)
 .comment       0x0000001e       0x1f /usr/lib/gcc/arm-none-eabi/14.1.0/../../../../arm-none-eabi/lib/thumb/v6-m/nofp/libg.a(libc_a-strlen-stub.o)
 .comment       0x0000001e       0x1f /usr/lib/gcc/arm-none-eabi/14.1.0/../../../../arm-none-eabi/lib/thumb/v6-m/nofp/libg.a(libc_a-__atexit.o)
 .comment       0x0000001e       0x1f /usr/lib/gcc/arm-none-eabi/14.1.0/../../../../arm-none-eabi/lib/thumb/v6-m/nofp/libg.a(libc_a-__call_atexit.o)

.debug_info     0x00000000    0x217a9
 .debug_info    0x00000000     0x3c23 CMakeFiles/iggx_pio.dir/iggx.c.obj
 .debug_info    0x00003c23     0x242f CMakeFiles/iggx_pio.dir/home/chris/Code/pico-sdk/src/rp2_common/hardware_gpio/gpio.c.obj
 .debug_info    0x00006052      0x1bf CMakeFiles/iggx_pio.dir/home/chris/Code/pico-sdk/src/rp2_common/pico_platform_panic/panic.c.obj
 .debug_info    0x00006211      0x999 CMakeFiles/iggx_pio.dir/home/chris/Code/pico-sdk/src/common/hardware_claim/claim.c.obj
 .debug_info    0x00006baa      0x45c CMakeFiles/iggx_pio.dir/home/chris/Code/pico-sdk/src/rp2_common/hardware_sync/sync.c.obj
 .debug_info    0x00007006      0x245 CMakeFiles/iggx_pio.dir/home/chris/Code/pico-sdk/src/rp2_common/hardware_sync_spin_lock/sync_spin_lock.c.obj
 .debug_info    0x0000724b     0x21aa CMakeFiles/iggx_pio.dir/home/chris/Code/pico-sdk/src/rp2_common/hardware_irq/irq.c.obj
 .debug_info    0x000093f5      0x15f CMakeFiles/iggx_pio.dir/home/chris/Code/pico-sdk/src/common/pico_sync/lock_core.c.obj
 .debug_info    0x00009554     0x27e7 CMakeFiles/iggx_pio.dir/home/chris/Code/pico-sdk/src/common/pico_sync/mutex.c.obj
 .debug_info    0x0000bd3b     0x5109 CMakeFiles/iggx_pio.dir/home/chris/Code/pico-sdk/src/common/pico_time/time.c.obj
 .debug_info    0x00010e44     0x2af8 CMakeFiles/iggx_pio.dir/home/chris/Code/pico-sdk/src/rp2_common/hardware_timer/timer.c.obj
 .debug_info    0x0001393c     0x2954 CMakeFiles/iggx_pio.dir/home/chris/Code/pico-sdk/src/rp2_common/hardware_clocks/clocks.c.obj
 .debug_info    0x00016290      0x4e5 CMakeFiles/iggx_pio.dir/home/chris/Code/pico-sdk/src/rp2_common/hardware_pll/pll.c.obj
 .debug_info    0x00016775      0x248 CMakeFiles/iggx_pio.dir/home/chris/Code/pico-sdk/src/rp2_common/hardware_ticks/ticks.c.obj
 .debug_info    0x000169bd      0x1cc CMakeFiles/iggx_pio.dir/home/chris/Code/pico-sdk/src/rp2_common/hardware_xosc/xosc.c.obj
 .debug_info    0x00016b89      0x21a CMakeFiles/iggx_pio.dir/home/chris/Code/pico-sdk/src/rp2_common/pico_runtime/runtime.c.obj
 .debug_info    0x00016da3      0x795 CMakeFiles/iggx_pio.dir/home/chris/Code/pico-sdk/src/rp2_common/pico_runtime_init/runtime_init.c.obj
 .debug_info    0x00017538      0x781 CMakeFiles/iggx_pio.dir/home/chris/Code/pico-sdk/src/rp2_common/pico_runtime_init/runtime_init_clocks.c.obj
 .debug_info    0x00017cb9       0x23 CMakeFiles/iggx_pio.dir/home/chris/Code/pico-sdk/src/rp2_common/pico_bit_ops/bit_ops_aeabi.S.obj
 .debug_info    0x00017cdc      0x50f CMakeFiles/iggx_pio.dir/home/chris/Code/pico-sdk/src/rp2_common/pico_bootrom/bootrom.c.obj
 .debug_info    0x000181eb       0x23 CMakeFiles/iggx_pio.dir/home/chris/Code/pico-sdk/src/rp2_common/pico_divider/divider_hardware.S.obj
 .debug_info    0x0001820e       0x23 CMakeFiles/iggx_pio.dir/home/chris/Code/pico-sdk/src/rp2_common/pico_double/double_aeabi_rp2040.S.obj
 .debug_info    0x00018231      0x277 CMakeFiles/iggx_pio.dir/home/chris/Code/pico-sdk/src/rp2_common/pico_double/double_init_rom_rp2040.c.obj
 .debug_info    0x000184a8       0x23 CMakeFiles/iggx_pio.dir/home/chris/Code/pico-sdk/src/rp2_common/pico_double/double_v1_rom_shim_rp2040.S.obj
 .debug_info    0x000184cb       0x24 CMakeFiles/iggx_pio.dir/home/chris/Code/pico-sdk/src/rp2_common/pico_int64_ops/pico_int64_ops_aeabi.S.obj
 .debug_info    0x000184ef       0x23 CMakeFiles/iggx_pio.dir/home/chris/Code/pico-sdk/src/rp2_common/pico_float/float_aeabi_rp2040.S.obj
 .debug_info    0x00018512      0x277 CMakeFiles/iggx_pio.dir/home/chris/Code/pico-sdk/src/rp2_common/pico_float/float_init_rom_rp2040.c.obj
 .debug_info    0x00018789       0x23 CMakeFiles/iggx_pio.dir/home/chris/Code/pico-sdk/src/rp2_common/pico_float/float_v1_rom_shim_rp2040.S.obj
 .debug_info    0x000187ac       0x23 CMakeFiles/iggx_pio.dir/home/chris/Code/pico-sdk/src/rp2_common/pico_mem_ops/mem_ops_aeabi.S.obj
 .debug_info    0x000187cf      0x2b8 CMakeFiles/iggx_pio.dir/home/chris/Code/pico-sdk/src/rp2_common/pico_standard_binary_info/standard_binary_info.c.obj
 .debug_info    0x00018a87     0x22f2 CMakeFiles/iggx_pio.dir/home/chris/Code/pico-sdk/src/rp2_common/pico_printf/printf.c.obj
 .debug_info    0x0001ad79       0x23 CMakeFiles/iggx_pio.dir/home/chris/Code/pico-sdk/src/rp2_common/pico_crt0/crt0.S.obj
 .debug_info    0x0001ad9c      0xb54 CMakeFiles/iggx_pio.dir/home/chris/Code/pico-sdk/src/rp2_common/pico_clib_interface/newlib_interface.c.obj
 .debug_info    0x0001b8f0     0x1c1e CMakeFiles/iggx_pio.dir/home/chris/Code/pico-sdk/src/rp2_common/pico_stdio/stdio.c.obj
 .debug_info    0x0001d50e     0x29a3 CMakeFiles/iggx_pio.dir/home/chris/Code/pico-sdk/src/rp2_common/hardware_pio/pio.c.obj
 .debug_info    0x0001feb1      0xa6c CMakeFiles/iggx_pio.dir/home/chris/Code/pico-sdk/src/rp2_common/hardware_dma/dma.c.obj
 .debug_info    0x0002091d      0x3fc CMakeFiles/iggx_pio.dir/home/chris/Code/pico-sdk/src/rp2_common/hardware_adc/adc.c.obj
 .debug_info    0x00020d19       0x3c /usr/lib/gcc/arm-none-eabi/14.1.0/thumb/v6-m/nofp/libgcc.a(_dvmd_tls.o)
 .debug_info    0x00020d55      0x11e /usr/lib/gcc/arm-none-eabi/14.1.0/../../../../arm-none-eabi/lib/thumb/v6-m/nofp/libg.a(libc_a-atexit.o)
 .debug_info    0x00020e73       0xf7 /usr/lib/gcc/arm-none-eabi/14.1.0/../../../../arm-none-eabi/lib/thumb/v6-m/nofp/libg.a(libc_a-fini.o)
 .debug_info    0x00020f6a      0x218 /usr/lib/gcc/arm-none-eabi/14.1.0/../../../../arm-none-eabi/lib/thumb/v6-m/nofp/libg.a(libc_a-lock.o)
 .debug_info    0x00021182       0xeb /usr/lib/gcc/arm-none-eabi/14.1.0/../../../../arm-none-eabi/lib/thumb/v6-m/nofp/libg.a(libc_a-strlen-stub.o)
 .debug_info    0x0002126d      0x25f /usr/lib/gcc/arm-none-eabi/14.1.0/../../../../arm-none-eabi/lib/thumb/v6-m/nofp/libg.a(libc_a-__atexit.o)
 .debug_info    0x000214cc      0x2dd /usr/lib/gcc/arm-none-eabi/14.1.0/../../../../arm-none-eabi/lib/thumb/v6-m/nofp/libg.a(libc_a-__call_atexit.o)

.debug_abbrev   0x00000000     0x5e6d
 .debug_abbrev  0x00000000      0x627 CMakeFiles/iggx_pio.dir/iggx.c.obj
 .debug_abbrev  0x00000627      0x50e CMakeFiles/iggx_pio.dir/home/chris/Code/pico-sdk/src/rp2_common/hardware_gpio/gpio.c.obj
 .debug_abbrev  0x00000b35      0x12b CMakeFiles/iggx_pio.dir/home/chris/Code/pico-sdk/src/rp2_common/pico_platform_panic/panic.c.obj
 .debug_abbrev  0x00000c60      0x33d CMakeFiles/iggx_pio.dir/home/chris/Code/pico-sdk/src/common/hardware_claim/claim.c.obj
 .debug_abbrev  0x00000f9d      0x20f CMakeFiles/iggx_pio.dir/home/chris/Code/pico-sdk/src/rp2_common/hardware_sync/sync.c.obj
 .debug_abbrev  0x000011ac      0x1bb CMakeFiles/iggx_pio.dir/home/chris/Code/pico-sdk/src/rp2_common/hardware_sync_spin_lock/sync_spin_lock.c.obj
 .debug_abbrev  0x00001367      0x613 CMakeFiles/iggx_pio.dir/home/chris/Code/pico-sdk/src/rp2_common/hardware_irq/irq.c.obj
 .debug_abbrev  0x0000197a       0xee CMakeFiles/iggx_pio.dir/home/chris/Code/pico-sdk/src/common/pico_sync/lock_core.c.obj
 .debug_abbrev  0x00001a68      0x48f CMakeFiles/iggx_pio.dir/home/chris/Code/pico-sdk/src/common/pico_sync/mutex.c.obj
 .debug_abbrev  0x00001ef7      0x659 CMakeFiles/iggx_pio.dir/home/chris/Code/pico-sdk/src/common/pico_time/time.c.obj
 .debug_abbrev  0x00002550      0x503 CMakeFiles/iggx_pio.dir/home/chris/Code/pico-sdk/src/rp2_common/hardware_timer/timer.c.obj
 .debug_abbrev  0x00002a53      0x4fd CMakeFiles/iggx_pio.dir/home/chris/Code/pico-sdk/src/rp2_common/hardware_clocks/clocks.c.obj
 .debug_abbrev  0x00002f50      0x1d2 CMakeFiles/iggx_pio.dir/home/chris/Code/pico-sdk/src/rp2_common/hardware_pll/pll.c.obj
 .debug_abbrev  0x00003122      0x145 CMakeFiles/iggx_pio.dir/home/chris/Code/pico-sdk/src/rp2_common/hardware_ticks/ticks.c.obj
 .debug_abbrev  0x00003267      0x11b CMakeFiles/iggx_pio.dir/home/chris/Code/pico-sdk/src/rp2_common/hardware_xosc/xosc.c.obj
 .debug_abbrev  0x00003382      0x182 CMakeFiles/iggx_pio.dir/home/chris/Code/pico-sdk/src/rp2_common/pico_runtime/runtime.c.obj
 .debug_abbrev  0x00003504      0x222 CMakeFiles/iggx_pio.dir/home/chris/Code/pico-sdk/src/rp2_common/pico_runtime_init/runtime_init.c.obj
 .debug_abbrev  0x00003726      0x2af CMakeFiles/iggx_pio.dir/home/chris/Code/pico-sdk/src/rp2_common/pico_runtime_init/runtime_init_clocks.c.obj
 .debug_abbrev  0x000039d5       0x12 CMakeFiles/iggx_pio.dir/home/chris/Code/pico-sdk/src/rp2_common/pico_bit_ops/bit_ops_aeabi.S.obj
 .debug_abbrev  0x000039e7      0x1b9 CMakeFiles/iggx_pio.dir/home/chris/Code/pico-sdk/src/rp2_common/pico_bootrom/bootrom.c.obj
 .debug_abbrev  0x00003ba0       0x12 CMakeFiles/iggx_pio.dir/home/chris/Code/pico-sdk/src/rp2_common/pico_divider/divider_hardware.S.obj
 .debug_abbrev  0x00003bb2       0x12 CMakeFiles/iggx_pio.dir/home/chris/Code/pico-sdk/src/rp2_common/pico_double/double_aeabi_rp2040.S.obj
 .debug_abbrev  0x00003bc4      0x17a CMakeFiles/iggx_pio.dir/home/chris/Code/pico-sdk/src/rp2_common/pico_double/double_init_rom_rp2040.c.obj
 .debug_abbrev  0x00003d3e       0x12 CMakeFiles/iggx_pio.dir/home/chris/Code/pico-sdk/src/rp2_common/pico_double/double_v1_rom_shim_rp2040.S.obj
 .debug_abbrev  0x00003d50       0x14 CMakeFiles/iggx_pio.dir/home/chris/Code/pico-sdk/src/rp2_common/pico_int64_ops/pico_int64_ops_aeabi.S.obj
 .debug_abbrev  0x00003d64       0x12 CMakeFiles/iggx_pio.dir/home/chris/Code/pico-sdk/src/rp2_common/pico_float/float_aeabi_rp2040.S.obj
 .debug_abbrev  0x00003d76      0x173 CMakeFiles/iggx_pio.dir/home/chris/Code/pico-sdk/src/rp2_common/pico_float/float_init_rom_rp2040.c.obj
 .debug_abbrev  0x00003ee9       0x12 CMakeFiles/iggx_pio.dir/home/chris/Code/pico-sdk/src/rp2_common/pico_float/float_v1_rom_shim_rp2040.S.obj
 .debug_abbrev  0x00003efb       0x12 CMakeFiles/iggx_pio.dir/home/chris/Code/pico-sdk/src/rp2_common/pico_mem_ops/mem_ops_aeabi.S.obj
 .debug_abbrev  0x00003f0d       0xb8 CMakeFiles/iggx_pio.dir/home/chris/Code/pico-sdk/src/rp2_common/pico_standard_binary_info/standard_binary_info.c.obj
 .debug_abbrev  0x00003fc5      0x50c CMakeFiles/iggx_pio.dir/home/chris/Code/pico-sdk/src/rp2_common/pico_printf/printf.c.obj
 .debug_abbrev  0x000044d1       0x12 CMakeFiles/iggx_pio.dir/home/chris/Code/pico-sdk/src/rp2_common/pico_crt0/crt0.S.obj
 .debug_abbrev  0x000044e3      0x352 CMakeFiles/iggx_pio.dir/home/chris/Code/pico-sdk/src/rp2_common/pico_clib_interface/newlib_interface.c.obj
 .debug_abbrev  0x00004835      0x5d5 CMakeFiles/iggx_pio.dir/home/chris/Code/pico-sdk/src/rp2_common/pico_stdio/stdio.c.obj
 .debug_abbrev  0x00004e0a      0x54f CMakeFiles/iggx_pio.dir/home/chris/Code/pico-sdk/src/rp2_common/hardware_pio/pio.c.obj
 .debug_abbrev  0x00005359      0x2f7 CMakeFiles/iggx_pio.dir/home/chris/Code/pico-sdk/src/rp2_common/hardware_dma/dma.c.obj
 .debug_abbrev  0x00005650      0x142 CMakeFiles/iggx_pio.dir/home/chris/Code/pico-sdk/src/rp2_common/hardware_adc/adc.c.obj
 .debug_abbrev  0x00005792       0x26 /usr/lib/gcc/arm-none-eabi/14.1.0/thumb/v6-m/nofp/libgcc.a(_dvmd_tls.o)
 .debug_abbrev  0x000057b8       0xbe /usr/lib/gcc/arm-none-eabi/14.1.0/../../../../arm-none-eabi/lib/thumb/v6-m/nofp/libg.a(libc_a-atexit.o)
 .debug_abbrev  0x00005876       0xc9 /usr/lib/gcc/arm-none-eabi/14.1.0/../../../../arm-none-eabi/lib/thumb/v6-m/nofp/libg.a(libc_a-fini.o)
 .debug_abbrev  0x0000593f      0x115 /usr/lib/gcc/arm-none-eabi/14.1.0/../../../../arm-none-eabi/lib/thumb/v6-m/nofp/libg.a(libc_a-lock.o)
 .debug_abbrev  0x00005a54       0x90 /usr/lib/gcc/arm-none-eabi/14.1.0/../../../../arm-none-eabi/lib/thumb/v6-m/nofp/libg.a(libc_a-strlen-stub.o)
 .debug_abbrev  0x00005ae4      0x189 /usr/lib/gcc/arm-none-eabi/14.1.0/../../../../arm-none-eabi/lib/thumb/v6-m/nofp/libg.a(libc_a-__atexit.o)
 .debug_abbrev  0x00005c6d      0x200 /usr/lib/gcc/arm-none-eabi/14.1.0/../../../../arm-none-eabi/lib/thumb/v6-m/nofp/libg.a(libc_a-__call_atexit.o)

.debug_loclists
                0x00000000    0x12f8a
 .debug_loclists
                0x00000000     0x1513 CMakeFiles/iggx_pio.dir/iggx.c.obj
 .debug_loclists
                0x00001513     0x1ac0 CMakeFiles/iggx_pio.dir/home/chris/Code/pico-sdk/src/rp2_common/hardware_gpio/gpio.c.obj
 .debug_loclists
                0x00002fd3      0x349 CMakeFiles/iggx_pio.dir/home/chris/Code/pico-sdk/src/common/hardware_claim/claim.c.obj
 .debug_loclists
                0x0000331c      0x108 CMakeFiles/iggx_pio.dir/home/chris/Code/pico-sdk/src/rp2_common/hardware_sync/sync.c.obj
 .debug_loclists
                0x00003424       0x7d CMakeFiles/iggx_pio.dir/home/chris/Code/pico-sdk/src/rp2_common/hardware_sync_spin_lock/sync_spin_lock.c.obj
 .debug_loclists
                0x000034a1     0x11bc CMakeFiles/iggx_pio.dir/home/chris/Code/pico-sdk/src/rp2_common/hardware_irq/irq.c.obj
 .debug_loclists
                0x0000465d       0x41 CMakeFiles/iggx_pio.dir/home/chris/Code/pico-sdk/src/common/pico_sync/lock_core.c.obj
 .debug_loclists
                0x0000469e      0xaec CMakeFiles/iggx_pio.dir/home/chris/Code/pico-sdk/src/common/pico_sync/mutex.c.obj
 .debug_loclists
                0x0000518a     0x2847 CMakeFiles/iggx_pio.dir/home/chris/Code/pico-sdk/src/common/pico_time/time.c.obj
 .debug_loclists
                0x000079d1     0x19ce CMakeFiles/iggx_pio.dir/home/chris/Code/pico-sdk/src/rp2_common/hardware_timer/timer.c.obj
 .debug_loclists
                0x0000939f     0x294a CMakeFiles/iggx_pio.dir/home/chris/Code/pico-sdk/src/rp2_common/hardware_clocks/clocks.c.obj
 .debug_loclists
                0x0000bce9      0x1e0 CMakeFiles/iggx_pio.dir/home/chris/Code/pico-sdk/src/rp2_common/hardware_pll/pll.c.obj
 .debug_loclists
                0x0000bec9       0x47 CMakeFiles/iggx_pio.dir/home/chris/Code/pico-sdk/src/rp2_common/hardware_ticks/ticks.c.obj
 .debug_loclists
                0x0000bf10       0x48 CMakeFiles/iggx_pio.dir/home/chris/Code/pico-sdk/src/rp2_common/hardware_xosc/xosc.c.obj
 .debug_loclists
                0x0000bf58       0x7e CMakeFiles/iggx_pio.dir/home/chris/Code/pico-sdk/src/rp2_common/pico_runtime/runtime.c.obj
 .debug_loclists
                0x0000bfd6       0xba CMakeFiles/iggx_pio.dir/home/chris/Code/pico-sdk/src/rp2_common/pico_runtime_init/runtime_init.c.obj
 .debug_loclists
                0x0000c090       0x74 CMakeFiles/iggx_pio.dir/home/chris/Code/pico-sdk/src/rp2_common/pico_runtime_init/runtime_init_clocks.c.obj
 .debug_loclists
                0x0000c104      0x291 CMakeFiles/iggx_pio.dir/home/chris/Code/pico-sdk/src/rp2_common/pico_bootrom/bootrom.c.obj
 .debug_loclists
                0x0000c395       0x3d CMakeFiles/iggx_pio.dir/home/chris/Code/pico-sdk/src/rp2_common/pico_double/double_init_rom_rp2040.c.obj
 .debug_loclists
                0x0000c3d2       0x59 CMakeFiles/iggx_pio.dir/home/chris/Code/pico-sdk/src/rp2_common/pico_float/float_init_rom_rp2040.c.obj
 .debug_loclists
                0x0000c42b     0x355f CMakeFiles/iggx_pio.dir/home/chris/Code/pico-sdk/src/rp2_common/pico_printf/printf.c.obj
 .debug_loclists
                0x0000f98a      0x431 CMakeFiles/iggx_pio.dir/home/chris/Code/pico-sdk/src/rp2_common/pico_clib_interface/newlib_interface.c.obj
 .debug_loclists
                0x0000fdbb      0xf31 CMakeFiles/iggx_pio.dir/home/chris/Code/pico-sdk/src/rp2_common/pico_stdio/stdio.c.obj
 .debug_loclists
                0x00010cec     0x1bb2 CMakeFiles/iggx_pio.dir/home/chris/Code/pico-sdk/src/rp2_common/hardware_pio/pio.c.obj
 .debug_loclists
                0x0001289e      0x2eb CMakeFiles/iggx_pio.dir/home/chris/Code/pico-sdk/src/rp2_common/hardware_dma/dma.c.obj
 .debug_loclists
                0x00012b89       0x98 CMakeFiles/iggx_pio.dir/home/chris/Code/pico-sdk/src/rp2_common/hardware_adc/adc.c.obj
 .debug_loclists
                0x00012c21       0x30 /usr/lib/gcc/arm-none-eabi/14.1.0/../../../../arm-none-eabi/lib/thumb/v6-m/nofp/libg.a(libc_a-atexit.o)
 .debug_loclists
                0x00012c51       0x34 /usr/lib/gcc/arm-none-eabi/14.1.0/../../../../arm-none-eabi/lib/thumb/v6-m/nofp/libg.a(libc_a-fini.o)
 .debug_loclists
                0x00012c85       0x29 /usr/lib/gcc/arm-none-eabi/14.1.0/../../../../arm-none-eabi/lib/thumb/v6-m/nofp/libg.a(libc_a-lock.o)
 .debug_loclists
                0x00012cae       0x64 /usr/lib/gcc/arm-none-eabi/14.1.0/../../../../arm-none-eabi/lib/thumb/v6-m/nofp/libg.a(libc_a-strlen-stub.o)
 .debug_loclists
                0x00012d12      0x122 /usr/lib/gcc/arm-none-eabi/14.1.0/../../../../arm-none-eabi/lib/thumb/v6-m/nofp/libg.a(libc_a-__atexit.o)
 .debug_loclists
                0x00012e34      0x156 /usr/lib/gcc/arm-none-eabi/14.1.0/../../../../arm-none-eabi/lib/thumb/v6-m/nofp/libg.a(libc_a-__call_atexit.o)

.debug_aranges  0x00000000     0x1100
 .debug_aranges
                0x00000000       0x60 CMakeFiles/iggx_pio.dir/iggx.c.obj
 .debug_aranges
                0x00000060      0x120 CMakeFiles/iggx_pio.dir/home/chris/Code/pico-sdk/src/rp2_common/hardware_gpio/gpio.c.obj
 .debug_aranges
                0x00000180       0x28 CMakeFiles/iggx_pio.dir/home/chris/Code/pico-sdk/src/rp2_common/pico_platform_panic/panic.c.obj
 .debug_aranges
                0x000001a8       0x48 CMakeFiles/iggx_pio.dir/home/chris/Code/pico-sdk/src/common/hardware_claim/claim.c.obj
 .debug_aranges
                0x000001f0       0x48 CMakeFiles/iggx_pio.dir/home/chris/Code/pico-sdk/src/rp2_common/hardware_sync/sync.c.obj
 .debug_aranges
                0x00000238       0x28 CMakeFiles/iggx_pio.dir/home/chris/Code/pico-sdk/src/rp2_common/hardware_sync_spin_lock/sync_spin_lock.c.obj
 .debug_aranges
                0x00000260       0xb0 CMakeFiles/iggx_pio.dir/home/chris/Code/pico-sdk/src/rp2_common/hardware_irq/irq.c.obj
 .debug_aranges
                0x00000310       0x20 CMakeFiles/iggx_pio.dir/home/chris/Code/pico-sdk/src/common/pico_sync/lock_core.c.obj
 .debug_aranges
                0x00000330       0x98 CMakeFiles/iggx_pio.dir/home/chris/Code/pico-sdk/src/common/pico_sync/mutex.c.obj
 .debug_aranges
                0x000003c8       0xe0 CMakeFiles/iggx_pio.dir/home/chris/Code/pico-sdk/src/common/pico_time/time.c.obj
 .debug_aranges
                0x000004a8       0xf0 CMakeFiles/iggx_pio.dir/home/chris/Code/pico-sdk/src/rp2_common/hardware_timer/timer.c.obj
 .debug_aranges
                0x00000598       0x90 CMakeFiles/iggx_pio.dir/home/chris/Code/pico-sdk/src/rp2_common/hardware_clocks/clocks.c.obj
 .debug_aranges
                0x00000628       0x28 CMakeFiles/iggx_pio.dir/home/chris/Code/pico-sdk/src/rp2_common/hardware_pll/pll.c.obj
 .debug_aranges
                0x00000650       0x30 CMakeFiles/iggx_pio.dir/home/chris/Code/pico-sdk/src/rp2_common/hardware_ticks/ticks.c.obj
 .debug_aranges
                0x00000680       0x30 CMakeFiles/iggx_pio.dir/home/chris/Code/pico-sdk/src/rp2_common/hardware_xosc/xosc.c.obj
 .debug_aranges
                0x000006b0       0x38 CMakeFiles/iggx_pio.dir/home/chris/Code/pico-sdk/src/rp2_common/pico_runtime/runtime.c.obj
 .debug_aranges
                0x000006e8       0x48 CMakeFiles/iggx_pio.dir/home/chris/Code/pico-sdk/src/rp2_common/pico_runtime_init/runtime_init.c.obj
 .debug_aranges
                0x00000730       0x20 CMakeFiles/iggx_pio.dir/home/chris/Code/pico-sdk/src/rp2_common/pico_runtime_init/runtime_init_clocks.c.obj
 .debug_aranges
                0x00000750       0x60 CMakeFiles/iggx_pio.dir/home/chris/Code/pico-sdk/src/rp2_common/pico_bit_ops/bit_ops_aeabi.S.obj
 .debug_aranges
                0x000007b0       0x38 CMakeFiles/iggx_pio.dir/home/chris/Code/pico-sdk/src/rp2_common/pico_bootrom/bootrom.c.obj
 .debug_aranges
                0x000007e8       0x40 CMakeFiles/iggx_pio.dir/home/chris/Code/pico-sdk/src/rp2_common/pico_divider/divider_hardware.S.obj
 .debug_aranges
                0x00000828      0x140 CMakeFiles/iggx_pio.dir/home/chris/Code/pico-sdk/src/rp2_common/pico_double/double_aeabi_rp2040.S.obj
 .debug_aranges
                0x00000968       0x20 CMakeFiles/iggx_pio.dir/home/chris/Code/pico-sdk/src/rp2_common/pico_double/double_init_rom_rp2040.c.obj
 .debug_aranges
                0x00000988       0xc8 CMakeFiles/iggx_pio.dir/home/chris/Code/pico-sdk/src/rp2_common/pico_double/double_v1_rom_shim_rp2040.S.obj
 .debug_aranges
                0x00000a50       0x20 CMakeFiles/iggx_pio.dir/home/chris/Code/pico-sdk/src/rp2_common/pico_int64_ops/pico_int64_ops_aeabi.S.obj
 .debug_aranges